Archive member included to satisfy reference by file (symbol)

c:/users/49542/opensourcetools/gnu tools arm embedded/7 2018-q2-update/bin/../lib/gcc/arm-none-eabi/7.3.1/../../../../arm-none-eabi/lib/thumb/v7e-m/fpv4-sp/hard\libc_nano.a(lib_a-exit.o)
                              c:/users/49542/opensourcetools/gnu tools arm embedded/7 2018-q2-update/bin/../lib/gcc/arm-none-eabi/7.3.1/../../../../arm-none-eabi/lib/thumb/v7e-m/fpv4-sp/hard/crt0.o (exit)
c:/users/49542/opensourcetools/gnu tools arm embedded/7 2018-q2-update/bin/../lib/gcc/arm-none-eabi/7.3.1/../../../../arm-none-eabi/lib/thumb/v7e-m/fpv4-sp/hard\libc_nano.a(lib_a-impure.o)
                              c:/users/49542/opensourcetools/gnu tools arm embedded/7 2018-q2-update/bin/../lib/gcc/arm-none-eabi/7.3.1/../../../../arm-none-eabi/lib/thumb/v7e-m/fpv4-sp/hard\libc_nano.a(lib_a-exit.o) (_global_impure_ptr)
c:/users/49542/opensourcetools/gnu tools arm embedded/7 2018-q2-update/bin/../lib/gcc/arm-none-eabi/7.3.1/../../../../arm-none-eabi/lib/thumb/v7e-m/fpv4-sp/hard\libc_nano.a(lib_a-init.o)
                              c:/users/49542/opensourcetools/gnu tools arm embedded/7 2018-q2-update/bin/../lib/gcc/arm-none-eabi/7.3.1/../../../../arm-none-eabi/lib/thumb/v7e-m/fpv4-sp/hard/crt0.o (__libc_init_array)
c:/users/49542/opensourcetools/gnu tools arm embedded/7 2018-q2-update/bin/../lib/gcc/arm-none-eabi/7.3.1/../../../../arm-none-eabi/lib/thumb/v7e-m/fpv4-sp/hard\libc_nano.a(lib_a-memset.o)
                              c:/users/49542/opensourcetools/gnu tools arm embedded/7 2018-q2-update/bin/../lib/gcc/arm-none-eabi/7.3.1/../../../../arm-none-eabi/lib/thumb/v7e-m/fpv4-sp/hard/crt0.o (memset)
c:/users/49542/opensourcetools/gnu tools arm embedded/7 2018-q2-update/bin/../lib/gcc/arm-none-eabi/7.3.1/../../../../arm-none-eabi/lib/thumb/v7e-m/fpv4-sp/hard\libc_nano.a(lib_a-nano-vfprintf_float.o)
                              (_printf_float)
c:/users/49542/opensourcetools/gnu tools arm embedded/7 2018-q2-update/bin/../lib/gcc/arm-none-eabi/7.3.1/../../../../arm-none-eabi/lib/thumb/v7e-m/fpv4-sp/hard\libc_nano.a(lib_a-nano-vfprintf_i.o)
                              c:/users/49542/opensourcetools/gnu tools arm embedded/7 2018-q2-update/bin/../lib/gcc/arm-none-eabi/7.3.1/../../../../arm-none-eabi/lib/thumb/v7e-m/fpv4-sp/hard\libc_nano.a(lib_a-nano-vfprintf_float.o) (_printf_common)
c:/users/49542/opensourcetools/gnu tools arm embedded/7 2018-q2-update/bin/../lib/gcc/arm-none-eabi/7.3.1/../../../../arm-none-eabi/lib/thumb/v7e-m/fpv4-sp/hard\libc_nano.a(lib_a-puts.o)
                              build/main.o (puts)
c:/users/49542/opensourcetools/gnu tools arm embedded/7 2018-q2-update/bin/../lib/gcc/arm-none-eabi/7.3.1/../../../../arm-none-eabi/lib/thumb/v7e-m/fpv4-sp/hard\libc_nano.a(lib_a-strlen.o)
                              c:/users/49542/opensourcetools/gnu tools arm embedded/7 2018-q2-update/bin/../lib/gcc/arm-none-eabi/7.3.1/../../../../arm-none-eabi/lib/thumb/v7e-m/fpv4-sp/hard\libc_nano.a(lib_a-nano-vfprintf_float.o) (strlen)
c:/users/49542/opensourcetools/gnu tools arm embedded/7 2018-q2-update/bin/../lib/gcc/arm-none-eabi/7.3.1/../../../../arm-none-eabi/lib/thumb/v7e-m/fpv4-sp/hard\libc_nano.a(lib_a-wbuf.o)
                              c:/users/49542/opensourcetools/gnu tools arm embedded/7 2018-q2-update/bin/../lib/gcc/arm-none-eabi/7.3.1/../../../../arm-none-eabi/lib/thumb/v7e-m/fpv4-sp/hard\libc_nano.a(lib_a-puts.o) (__swbuf_r)
c:/users/49542/opensourcetools/gnu tools arm embedded/7 2018-q2-update/bin/../lib/gcc/arm-none-eabi/7.3.1/../../../../arm-none-eabi/lib/thumb/v7e-m/fpv4-sp/hard\libc_nano.a(lib_a-wsetup.o)
                              c:/users/49542/opensourcetools/gnu tools arm embedded/7 2018-q2-update/bin/../lib/gcc/arm-none-eabi/7.3.1/../../../../arm-none-eabi/lib/thumb/v7e-m/fpv4-sp/hard\libc_nano.a(lib_a-puts.o) (__swsetup_r)
c:/users/49542/opensourcetools/gnu tools arm embedded/7 2018-q2-update/bin/../lib/gcc/arm-none-eabi/7.3.1/../../../../arm-none-eabi/lib/thumb/v7e-m/fpv4-sp/hard\libc_nano.a(lib_a-dtoa.o)
                              c:/users/49542/opensourcetools/gnu tools arm embedded/7 2018-q2-update/bin/../lib/gcc/arm-none-eabi/7.3.1/../../../../arm-none-eabi/lib/thumb/v7e-m/fpv4-sp/hard\libc_nano.a(lib_a-nano-vfprintf_float.o) (_dtoa_r)
c:/users/49542/opensourcetools/gnu tools arm embedded/7 2018-q2-update/bin/../lib/gcc/arm-none-eabi/7.3.1/../../../../arm-none-eabi/lib/thumb/v7e-m/fpv4-sp/hard\libc_nano.a(lib_a-fflush.o)
                              c:/users/49542/opensourcetools/gnu tools arm embedded/7 2018-q2-update/bin/../lib/gcc/arm-none-eabi/7.3.1/../../../../arm-none-eabi/lib/thumb/v7e-m/fpv4-sp/hard\libc_nano.a(lib_a-wbuf.o) (_fflush_r)
c:/users/49542/opensourcetools/gnu tools arm embedded/7 2018-q2-update/bin/../lib/gcc/arm-none-eabi/7.3.1/../../../../arm-none-eabi/lib/thumb/v7e-m/fpv4-sp/hard\libc_nano.a(lib_a-findfp.o)
[...]
Memory Configuration

Name             Origin             Length             Attributes
FLASH            0x08000000         0x00080000         xr
RAM              0x20000000         0x00010000         xrw
MEMORY_B1        0x60000000         0x00000000         xr
*default*        0x00000000         0xffffffff

Linker script and memory map

LOAD c:/users/49542/opensourcetools/gnu tools arm embedded/7 2018-q2-update/bin/../lib/gcc/arm-none-eabi/7.3.1/thumb/v7e-m/fpv4-sp/hard/crti.o
LOAD c:/users/49542/opensourcetools/gnu tools arm embedded/7 2018-q2-update/bin/../lib/gcc/arm-none-eabi/7.3.1/thumb/v7e-m/fpv4-sp/hard/crtbegin.o
LOAD c:/users/49542/opensourcetools/gnu tools arm embedded/7 2018-q2-update/bin/../lib/gcc/arm-none-eabi/7.3.1/../../../../arm-none-eabi/lib/thumb/v7e-m/fpv4-sp/hard/crt0.o
LOAD build/gd32f30x_adc.o
LOAD build/gd32f30x_enet.o
LOAD build/gd32f30x_exmc.o
LOAD build/gd32f30x_misc.o
LOAD build/gd32f30x_pmu.o
LOAD build/gd32f30x_dbg.o
LOAD build/gd32f30x_wwdgt.o
LOAD build/gd32f30x_usart.o
LOAD build/gd32f30x_crc.o
LOAD build/gd32f30x_sdio.o
LOAD build/gd32f30x_fwdgt.o
LOAD build/gd32f30x_timer.o
LOAD build/gd32f30x_fmc.o
LOAD build/gd32f30x_gpio.o
LOAD build/gd32f30x_i2c.o
LOAD build/gd32f30x_rtc.o
LOAD build/gd32f30x_can.o
LOAD build/gd32f30x_dac.o
LOAD build/gd32f30x_ctc.o
LOAD build/gd32f30x_dma.o
LOAD build/gd32f30x_exti.o
LOAD build/gd32f30x_bkp.o
LOAD build/gd32f30x_spi.o
LOAD build/gd32f30x_rcu.o
LOAD build/gd32f30x_it.o
LOAD build/main.o
LOAD build/BearPi-IoT_gd32f303.o
LOAD build/system_gd32f30x.o
LOAD build/GD32F303RGT6_GCC.o
LOAD c:/users/49542/opensourcetools/gnu tools arm embedded/7 2018-q2-update/bin/../lib/gcc/arm-none-eabi/7.3.1/../../../../arm-none-eabi/lib/thumb/v7e-m/fpv4-sp/hard\libc_nano.a
LOAD c:/users/49542/opensourcetools/gnu tools arm embedded/7 2018-q2-update/bin/../lib/gcc/arm-none-eabi/7.3.1/../../../../arm-none-eabi/lib/thumb/v7e-m/fpv4-sp/hard\libm.a
LOAD c:/users/49542/opensourcetools/gnu tools arm embedded/7 2018-q2-update/bin/../lib/gcc/arm-none-eabi/7.3.1/../../../../arm-none-eabi/lib/thumb/v7e-m/fpv4-sp/hard\libnosys.a
START GROUP
LOAD c:/users/49542/opensourcetools/gnu tools arm embedded/7 2018-q2-update/bin/../lib/gcc/arm-none-eabi/7.3.1/thumb/v7e-m/fpv4-sp/hard\libgcc.a
LOAD c:/users/49542/opensourcetools/gnu tools arm embedded/7 2018-q2-update/bin/../lib/gcc/arm-none-eabi/7.3.1/../../../../arm-none-eabi/lib/thumb/v7e-m/fpv4-sp/hard\libc_nano.a
END GROUP
START GROUP
LOAD c:/users/49542/opensourcetools/gnu tools arm embedded/7 2018-q2-update/bin/../lib/gcc/arm-none-eabi/7.3.1/thumb/v7e-m/fpv4-sp/hard\libgcc.a
LOAD c:/users/49542/opensourcetools/gnu tools arm embedded/7 2018-q2-update/bin/../lib/gcc/arm-none-eabi/7.3.1/../../../../arm-none-eabi/lib/thumb/v7e-m/fpv4-sp/hard\libc_nano.a
END GROUP
LOAD c:/users/49542/opensourcetools/gnu tools arm embedded/7 2018-q2-update/bin/../lib/gcc/arm-none-eabi/7.3.1/thumb/v7e-m/fpv4-sp/hard/crtend.o
LOAD c:/users/49542/opensourcetools/gnu tools arm embedded/7 2018-q2-update/bin/../lib/gcc/arm-none-eabi/7.3.1/thumb/v7e-m/fpv4-sp/hard/crtn.o
                0x20010000                _estack = 0x20010000
                0x00000200                _Min_Heap_Size = 0x200
                0x00000200                _Min_Stack_Size = 0x200

.isr_vector     0x08000000      0x130
                0x08000000                . = ALIGN (0x8)
 *(.isr_vector)
 .isr_vector    0x08000000      0x130 build/GD32F303RGT6_GCC.o
                0x08000000                g_pfnVectors
                0x08000130                . = ALIGN (0x8)

.text           0x08000130     0x3b18
                0x08000130                . = ALIGN (0x8)
 *(.text)
 .text          0x08000130       0x40 c:/users/49542/opensourcetools/gnu tools arm embedded/7 2018-q2-update/bin/../lib/gcc/arm-none-eabi/7.3.1/thumb/v7e-m/fpv4-sp/hard/crtbegin.o
 .text          0x08000170       0x10 c:/users/49542/opensourcetools/gnu tools arm embedded/7 2018-q2-update/bin/../lib/gcc/arm-none-eabi/7.3.1/../../../../arm-none-eabi/lib/thumb/v7e-m/fpv4-sp/hard\libc_nano.a(lib_a-strlen.o)
                0x08000170                strlen
 .text          0x08000180      0x378 c:/users/49542/opensourcetools/gnu tools arm embedded/7 2018-q2-update/bin/../lib/gcc/arm-none-eabi/7.3.1/thumb/v7e-m/fpv4-sp/hard\libgcc.a(_arm_addsubdf3.o)
                0x08000180                __aeabi_drsub
                0x08000188                __aeabi_dsub
                0x08000188                __subdf3
                0x0800018c                __aeabi_dadd
                0x0800018c                __adddf3
                0x08000404                __floatunsidf
                0x08000404                __aeabi_ui2d
                0x08000424                __floatsidf
                0x08000424                __aeabi_i2d
                0x08000448                __aeabi_f2d
                0x08000448                __extendsfdf2
                0x0800048c                __floatundidf
                0x0800048c                __aeabi_ul2d
                0x0800049c                __floatdidf
                0x0800049c                __aeabi_l2d
 .text          0x080004f8      0x424 c:/users/49542/opensourcetools/gnu tools arm embedded/7 2018-q2-update/bin/../lib/gcc/arm-none-eabi/7.3.1/thumb/v7e-m/fpv4-sp/hard\libgcc.a(_arm_muldivdf3.o)
                0x080004f8                __aeabi_dmul
                0x080004f8                __muldf3
                0x0800074c                __divdf3
                0x0800074c                __aeabi_ddiv
 .text          0x0800091c      0x110 c:/users/49542/opensourcetools/gnu tools arm embedded/7 2018-q2-update/bin/../lib/gcc/arm-none-eabi/7.3.1/thumb/v7e-m/fpv4-sp/hard\libgcc.a(_arm_cmpdf2.o)
                0x0800091c                __gtdf2
                0x0800091c                __gedf2
                0x08000924                __ltdf2
                0x08000924                __ledf2
                0x0800092c                __nedf2
                0x0800092c                __eqdf2
                0x0800092c                __cmpdf2
                0x080009a8                __aeabi_cdrcmple
                0x080009b8                __aeabi_cdcmpeq
                0x080009b8                __aeabi_cdcmple
                0x080009c8                __aeabi_dcmpeq
                0x080009dc                __aeabi_dcmplt
                0x080009f0                __aeabi_dcmple
                0x08000a04                __aeabi_dcmpge
                0x08000a18                __aeabi_dcmpgt
 .text          0x08000a2c       0x2c c:/users/49542/opensourcetools/gnu tools arm embedded/7 2018-q2-update/bin/../lib/gcc/arm-none-eabi/7.3.1/thumb/v7e-m/fpv4-sp/hard\libgcc.a(_arm_unorddf2.o)
                0x08000a2c                __unorddf2
                0x08000a2c                __aeabi_dcmpun
 .text          0x08000a58       0x50 c:/users/49542/opensourcetools/gnu tools arm embedded/7 2018-q2-update/bin/../lib/gcc/arm-none-eabi/7.3.1/thumb/v7e-m/fpv4-sp/hard\libgcc.a(_arm_fixdfsi.o)
                0x08000a58                __aeabi_d2iz
                0x08000a58                __fixdfsi
 *(.text*)
 .text.nvic_priority_group_set
                0x08000aa8       0x28 build/gd32f30x_misc.o
                0x08000aa8                nvic_priority_group_set
 .text.nvic_irq_enable
                0x08000ad0      0x10c build/gd32f30x_misc.o
                0x08000ad0                nvic_irq_enable
 .text.pmu_to_sleepmode
                0x08000bdc       0x34 build/gd32f30x_pmu.o
                0x08000bdc                pmu_to_sleepmode
 .text.usart_deinit
                0x08000c10       0xa8 build/gd32f30x_usart.o
                0x08000c10                usart_deinit
 .text.usart_baudrate_set
                0x08000cb8       0xc8 build/gd32f30x_usart.o
                0x08000cb8                usart_baudrate_set
 .text.usart_enable
                0x08000d80       0x24 build/gd32f30x_usart.o
                0x08000d80                usart_enable
 .text.usart_transmit_config
                0x08000da4       0x3c build/gd32f30x_usart.o
                0x08000da4                usart_transmit_config
 .text.usart_receive_config
                0x08000de0       0x3c build/gd32f30x_usart.o
                0x08000de0                usart_receive_config
 .text.usart_data_transmit
                0x08000e1c       0x24 build/gd32f30x_usart.o
                0x08000e1c                usart_data_transmit
 .text.usart_data_receive
                0x08000e40       0x22 build/gd32f30x_usart.o
                0x08000e40                usart_data_receive
 .text.usart_flag_get
                0x08000e62       0x3e build/gd32f30x_usart.o
                0x08000e62                usart_flag_get
 .text.usart_interrupt_enable
                0x08000ea0       0x42 build/gd32f30x_usart.o
                0x08000ea0                usart_interrupt_enable
 .text.usart_interrupt_disable
                0x08000ee2       0x44 build/gd32f30x_usart.o
                0x08000ee2                usart_interrupt_disable
 .text.usart_interrupt_flag_get
                0x08000f26       0x6a build/gd32f30x_usart.o
                0x08000f26                usart_interrupt_flag_get
 .text.usart_interrupt_flag_clear
                0x08000f90       0x3c build/gd32f30x_usart.o
                0x08000f90                usart_interrupt_flag_clear
 .text.gpio_init
                0x08000fcc      0x170 build/gd32f30x_gpio.o
                0x08000fcc                gpio_init
 .text.rcu_periph_clock_enable
                0x0800113c       0x46 build/gd32f30x_rcu.o
                0x0800113c                rcu_periph_clock_enable
 .text.rcu_periph_reset_enable
                0x08001182       0x46 build/gd32f30x_rcu.o
                0x08001182                rcu_periph_reset_enable
 .text.rcu_periph_reset_disable
                0x080011c8       0x4a build/gd32f30x_rcu.o
                0x080011c8                rcu_periph_reset_disable
 *fill*         0x08001212        0x2 
 .text.rcu_clock_freq_get
                0x08001214      0x1d8 build/gd32f30x_rcu.o
                0x08001214                rcu_clock_freq_get
 .text.NMI_Handler
                0x080013ec        0xe build/gd32f30x_it.o
                0x080013ec                NMI_Handler
 .text.HardFault_Handler
                0x080013fa        0x6 build/gd32f30x_it.o
                0x080013fa                HardFault_Handler
 .text.MemManage_Handler
                0x08001400        0x6 build/gd32f30x_it.o
                0x08001400                MemManage_Handler
 .text.BusFault_Handler
                0x08001406        0x6 build/gd32f30x_it.o
                0x08001406                BusFault_Handler
 .text.UsageFault_Handler
                0x0800140c        0x6 build/gd32f30x_it.o
                0x0800140c                UsageFault_Handler
 .text.SVC_Handler
                0x08001412        0xe build/gd32f30x_it.o
                0x08001412                SVC_Handler
 .text.DebugMon_Handler
                0x08001420        0xe build/gd32f30x_it.o
                0x08001420                DebugMon_Handler
 .text.PendSV_Handler
                0x0800142e        0xe build/gd32f30x_it.o
                0x0800142e                PendSV_Handler
 .text.USART0_IRQHandler
                0x0800143c       0x38 build/gd32f30x_it.o
                0x0800143c                USART0_IRQHandler
 .text.main     0x08001474       0x44 build/main.o
                0x08001474                main
 .text.led_flash
                0x080014b8       0x24 build/main.o
                0x080014b8                led_flash
 .text.led_config
                0x080014dc        0xe build/main.o
                0x080014dc                led_config
 .text.delay    0x080014ea       0x20 build/main.o
                0x080014ea                delay
 *fill*         0x0800150a        0x2 
 .text.gd_eval_led_init
                0x0800150c       0x5c build/BearPi-IoT_gd32f303.o
                0x0800150c                gd_eval_led_init
 .text.gd_eval_led_on
                0x08001568       0x34 build/BearPi-IoT_gd32f303.o
                0x08001568                gd_eval_led_on
 .text.gd_eval_led_off
                0x0800159c       0x34 build/BearPi-IoT_gd32f303.o
                0x0800159c                gd_eval_led_off
 .text.gd_eval_com_init
                0x080015d0       0xd8 build/BearPi-IoT_gd32f303.o
                0x080015d0                gd_eval_com_init
 .text._put_char
                0x080016a8       0x34 build/BearPi-IoT_gd32f303.o
                0x080016a8                _put_char
 .text._write   0x080016dc       0x3c build/BearPi-IoT_gd32f303.o
                0x080016dc                _write
 .text.SystemInit
                0x08001718       0x6c build/system_gd32f30x.o
                0x08001718                SystemInit
 .text.system_clock_config
                0x08001784        0xc build/system_gd32f30x.o
 .text.system_clock_120m_hxtal
                0x08001790      0x148 build/system_gd32f30x.o
 .text.Reset_Handler
                0x080018d8       0x50 build/GD32F303RGT6_GCC.o
                0x080018d8                Reset_Handler
 .text.Default_Handler
                0x08001928        0x2 build/GD32F303RGT6_GCC.o
                0x08001928                RTC_Alarm_IRQHandler
                0x08001928                EXTI2_IRQHandler
                0x08001928                TIMER2_IRQHandler
                0x08001928                TIMER5_IRQHandler
                0x08001928                LVD_IRQHandler
                0x08001928                TIMER7_UP_TIMER12_IRQHandler
                0x08001928                ADC0_1_IRQHandler
                0x08001928                SysTick_Handler
                0x08001928                SDIO_IRQHandler
                0x08001928                EXTI3_IRQHandler
                0x08001928                TIMER0_TRG_CMT_TIMER10_IRQHandler
                0x08001928                TIMER3_IRQHandler
                0x08001928                DMA0_Channel6_IRQHandler
                0x08001928                I2C0_EV_IRQHandler
                0x08001928                EXTI0_IRQHandler
                0x08001928                TIMER7_TRG_CMT_TIMER13_IRQHandler
                0x08001928                TIMER4_IRQHandler
                0x08001928                SPI1_IRQHandler
                0x08001928                DMA0_Channel0_IRQHandler
                0x08001928                TAMPER_IRQHandler
                0x08001928                TIMER0_BRK_TIMER8_IRQHandler
                0x08001928                DMA1_Channel0_IRQHandler
                0x08001928                TIMER7_BRK_TIMER11_IRQHandler
                0x08001928                TIMER6_IRQHandler
                0x08001928                DMA0_Channel3_IRQHandler
                0x08001928                I2C0_ER_IRQHandler
                0x08001928                TIMER0_UP_TIMER9_IRQHandler
                0x08001928                RTC_IRQHandler
                0x08001928                DMA0_Channel2_IRQHandler
                0x08001928                TIMER1_IRQHandler
                0x08001928                I2C1_EV_IRQHandler
                0x08001928                UART4_IRQHandler
                0x08001928                EXTI10_15_IRQHandler
                0x08001928                DMA1_Channel1_IRQHandler
                0x08001928                Default_Handler
                0x08001928                TIMER7_Channel_IRQHandler
                0x08001928                WWDGT_IRQHandler
                0x08001928                EXMC_IRQHandler
                0x08001928                ADC2_IRQHandler
                0x08001928                SPI2_IRQHandler
                0x08001928                USBD_WKUP_IRQHandler
                0x08001928                RCU_CTC_IRQHandler
                0x08001928                EXTI4_IRQHandler
                0x08001928                USBD_HP_CAN0_TX_IRQHandler
                0x08001928                CAN0_RX1_IRQHandler
                0x08001928                DMA0_Channel5_IRQHandler
                0x08001928                EXTI5_9_IRQHandler
                0x08001928                DMA0_Channel1_IRQHandler
                0x08001928                TIMER0_Channel_IRQHandler
                0x08001928                EXTI1_IRQHandler
                0x08001928                SPI0_IRQHandler
                0x08001928                DMA1_Channel3_4_IRQHandler
                0x08001928                USART2_IRQHandler
                0x08001928                CAN0_EWMC_IRQHandler
                0x08001928                DMA1_Channel2_IRQHandler
                0x08001928                USBD_LP_CAN0_RX0_IRQHandler
                0x08001928                USART1_IRQHandler
                0x08001928                I2C1_ER_IRQHandler
                0x08001928                FMC_IRQHandler
                0x08001928                DMA0_Channel4_IRQHandler
 *fill*         0x0800192a        0x2 
 .text.__libc_init_array
                0x0800192c       0x48 c:/users/49542/opensourcetools/gnu tools arm embedded/7 2018-q2-update/bin/../lib/gcc/arm-none-eabi/7.3.1/../../../../arm-none-eabi/lib/thumb/v7e-m/fpv4-sp/hard\libc_nano.a(lib_a-init.o)
                0x0800192c                __libc_init_array
 .text.memset   0x08001974       0x10 c:/users/49542/opensourcetools/gnu tools arm embedded/7 2018-q2-update/bin/../lib/gcc/arm-none-eabi/7.3.1/../../../../arm-none-eabi/lib/thumb/v7e-m/fpv4-sp/hard\libc_nano.a(lib_a-memset.o)
                0x08001974                memset
 .text.__cvt    0x08001984       0xc2 c:/users/49542/opensourcetools/gnu tools arm embedded/7 2018-q2-update/bin/../lib/gcc/arm-none-eabi/7.3.1/../../../../arm-none-eabi/lib/thumb/v7e-m/fpv4-sp/hard\libc_nano.a(lib_a-nano-vfprintf_float.o)
                0x08001984                __cvt
 .text.__exponent
                0x08001a46       0x66 c:/users/49542/opensourcetools/gnu tools arm embedded/7 2018-q2-update/bin/../lib/gcc/arm-none-eabi/7.3.1/../../../../arm-none-eabi/lib/thumb/v7e-m/fpv4-sp/hard\libc_nano.a(lib_a-nano-vfprintf_float.o)
                0x08001a46                __exponent
 .text._printf_float
                0x08001aac      0x480 c:/users/49542/opensourcetools/gnu tools arm embedded/7 2018-q2-update/bin/../lib/gcc/arm-none-eabi/7.3.1/../../../../arm-none-eabi/lib/thumb/v7e-m/fpv4-sp/hard\libc_nano.a(lib_a-nano-vfprintf_float.o)
                0x08001aac                _printf_float
 .text._printf_common
                0x08001f2c       0xea c:/users/49542/opensourcetools/gnu tools arm embedded/7 2018-q2-update/bin/../lib/gcc/arm-none-eabi/7.3.1/../../../../arm-none-eabi/lib/thumb/v7e-m/fpv4-sp/hard\libc_nano.a(lib_a-nano-vfprintf_i.o)
                0x08001f2c                _printf_common
 *fill*         0x08002016        0x2 
 .text._puts_r  0x08002018       0xb8 c:/users/49542/opensourcetools/gnu tools arm embedded/7 2018-q2-update/bin/../lib/gcc/arm-none-eabi/7.3.1/../../../../arm-none-eabi/lib/thumb/v7e-m/fpv4-sp/hard\libc_nano.a(lib_a-puts.o)
                0x08002018                _puts_r
 .text.puts     0x080020d0       0x10 c:/users/49542/opensourcetools/gnu tools arm embedded/7 2018-q2-update/bin/../lib/gcc/arm-none-eabi/7.3.1/../../../../arm-none-eabi/lib/thumb/v7e-m/fpv4-sp/hard\libc_nano.a(lib_a-puts.o)
                0x080020d0                puts
 .text.__swbuf_r
                0x080020e0       0xa4 c:/users/49542/opensourcetools/gnu tools arm embedded/7 2018-q2-update/bin/../lib/gcc/arm-none-eabi/7.3.1/../../../../arm-none-eabi/lib/thumb/v7e-m/fpv4-sp/hard\libc_nano.a(lib_a-wbuf.o)
                0x080020e0                __swbuf_r
 .text.__swsetup_r
                0x08002184       0xdc c:/users/49542/opensourcetools/gnu tools arm embedded/7 2018-q2-update/bin/../lib/gcc/arm-none-eabi/7.3.1/../../../../arm-none-eabi/lib/thumb/v7e-m/fpv4-sp/hard\libc_nano.a(lib_a-wsetup.o)
                0x08002184                __swsetup_r
 .text.quorem   0x08002260      0x118 c:/users/49542/opensourcetools/gnu tools arm embedded/7 2018-q2-update/bin/../lib/gcc/arm-none-eabi/7.3.1/../../../../arm-none-eabi/lib/thumb/v7e-m/fpv4-sp/hard\libc_nano.a(lib_a-dtoa.o)
 .text._dtoa_r  0x08002378      0xb70 c:/users/49542/opensourcetools/gnu tools arm embedded/7 2018-q2-update/bin/../lib/gcc/arm-none-eabi/7.3.1/../../../../arm-none-eabi/lib/thumb/v7e-m/fpv4-sp/hard\libc_nano.a(lib_a-dtoa.o)
                0x08002378                _dtoa_r
 .text.__sflush_r
                0x08002ee8      0x10c c:/users/49542/opensourcetools/gnu tools arm embedded/7 2018-q2-update/bin/../lib/gcc/arm-none-eabi/7.3.1/../../../../arm-none-eabi/lib/thumb/v7e-m/fpv4-sp/hard\libc_nano.a(lib_a-fflush.o)
                0x08002ee8                __sflush_r
 .text._fflush_r
                0x08002ff4       0x54 c:/users/49542/opensourcetools/gnu tools arm embedded/7 2018-q2-update/bin/../lib/gcc/arm-none-eabi/7.3.1/../../../../arm-none-eabi/lib/thumb/v7e-m/fpv4-sp/hard\libc_nano.a(lib_a-fflush.o)
                0x08002ff4                _fflush_r
 .text.std      0x08003048       0x48 c:/users/49542/opensourcetools/gnu tools arm embedded/7 2018-q2-update/bin/../lib/gcc/arm-none-eabi/7.3.1/../../../../arm-none-eabi/lib/thumb/v7e-m/fpv4-sp/hard\libc_nano.a(lib_a-findfp.o)
 .text._cleanup_r
                0x08003090        0xc c:/users/49542/opensourcetools/gnu tools arm embedded/7 2018-q2-update/bin/../lib/gcc/arm-none-eabi/7.3.1/../../../../arm-none-eabi/lib/thumb/v7e-m/fpv4-sp/hard\libc_nano.a(lib_a-findfp.o)
                0x08003090                _cleanup_r
 .text.__sfmoreglue
                0x0800309c       0x2c c:/users/49542/opensourcetools/gnu tools arm embedded/7 2018-q2-update/bin/../lib/gcc/arm-none-eabi/7.3.1/../../../../arm-none-eabi/lib/thumb/v7e-m/fpv4-sp/hard\libc_nano.a(lib_a-findfp.o)
                0x0800309c                __sfmoreglue
 .text.__sinit  0x080030c8       0x60 c:/users/49542/opensourcetools/gnu tools arm embedded/7 2018-q2-update/bin/../lib/gcc/arm-none-eabi/7.3.1/../../../../arm-none-eabi/lib/thumb/v7e-m/fpv4-sp/hard\libc_nano.a(lib_a-findfp.o)
                0x080030c8                __sinit
 .text.__sfp    0x08003128       0x78 c:/users/49542/opensourcetools/gnu tools arm embedded/7 2018-q2-update/bin/../lib/gcc/arm-none-eabi/7.3.1/../../../../arm-none-eabi/lib/thumb/v7e-m/fpv4-sp/hard\libc_nano.a(lib_a-findfp.o)
                0x08003128                __sfp
 .text._fwalk_reent
                0x080031a0       0x3c c:/users/49542/opensourcetools/gnu tools arm embedded/7 2018-q2-update/bin/../lib/gcc/arm-none-eabi/7.3.1/../../../../arm-none-eabi/lib/thumb/v7e-m/fpv4-sp/hard\libc_nano.a(lib_a-fwalk.o)
                0x080031a0                _fwalk_reent
 .text._localeconv_r
                0x080031dc       0x1c c:/users/49542/opensourcetools/gnu tools arm embedded/7 2018-q2-update/bin/../lib/gcc/arm-none-eabi/7.3.1/../../../../arm-none-eabi/lib/thumb/v7e-m/fpv4-sp/hard\libc_nano.a(lib_a-localeconv.o)
                0x080031dc                _localeconv_r
 .text.__swhatbuf_r
                0x080031f8       0x48 c:/users/49542/opensourcetools/gnu tools arm embedded/7 2018-q2-update/bin/../lib/gcc/arm-none-eabi/7.3.1/../../../../arm-none-eabi/lib/thumb/v7e-m/fpv4-sp/hard\libc_nano.a(lib_a-makebuf.o)
                0x080031f8                __swhatbuf_r
 .text.__smakebuf_r
                0x08003240       0x80 c:/users/49542/opensourcetools/gnu tools arm embedded/7 2018-q2-update/bin/../lib/gcc/arm-none-eabi/7.3.1/../../../../arm-none-eabi/lib/thumb/v7e-m/fpv4-sp/hard\libc_nano.a(lib_a-makebuf.o)
                0x08003240                __smakebuf_r
 .text.malloc   0x080032c0       0x10 c:/users/49542/opensourcetools/gnu tools arm embedded/7 2018-q2-update/bin/../lib/gcc/arm-none-eabi/7.3.1/../../../../arm-none-eabi/lib/thumb/v7e-m/fpv4-sp/hard\libc_nano.a(lib_a-malloc.o)
                0x080032c0                malloc
 .text.memcpy   0x080032d0       0x16 c:/users/49542/opensourcetools/gnu tools arm embedded/7 2018-q2-update/bin/../lib/gcc/arm-none-eabi/7.3.1/../../../../arm-none-eabi/lib/thumb/v7e-m/fpv4-sp/hard\libc_nano.a(lib_a-memcpy-stub.o)
                0x080032d0                memcpy
 .text._Balloc  0x080032e6       0x68 c:/users/49542/opensourcetools/gnu tools arm embedded/7 2018-q2-update/bin/../lib/gcc/arm-none-eabi/7.3.1/../../../../arm-none-eabi/lib/thumb/v7e-m/fpv4-sp/hard\libc_nano.a(lib_a-mprec.o)
                0x080032e6                _Balloc
 .text._Bfree   0x0800334e       0x2e c:/users/49542/opensourcetools/gnu tools arm embedded/7 2018-q2-update/bin/../lib/gcc/arm-none-eabi/7.3.1/../../../../arm-none-eabi/lib/thumb/v7e-m/fpv4-sp/hard\libc_nano.a(lib_a-mprec.o)
                0x0800334e                _Bfree
 .text.__multadd
                0x0800337c       0x76 c:/users/49542/opensourcetools/gnu tools arm embedded/7 2018-q2-update/bin/../lib/gcc/arm-none-eabi/7.3.1/../../../../arm-none-eabi/lib/thumb/v7e-m/fpv4-sp/hard\libc_nano.a(lib_a-mprec.o)
                0x0800337c                __multadd
 .text.__hi0bits
                0x080033f2       0x3e c:/users/49542/opensourcetools/gnu tools arm embedded/7 2018-q2-update/bin/../lib/gcc/arm-none-eabi/7.3.1/../../../../arm-none-eabi/lib/thumb/v7e-m/fpv4-sp/hard\libc_nano.a(lib_a-mprec.o)
                0x080033f2                __hi0bits
 .text.__lo0bits
                0x08003430       0x5e c:/users/49542/opensourcetools/gnu tools arm embedded/7 2018-q2-update/bin/../lib/gcc/arm-none-eabi/7.3.1/../../../../arm-none-eabi/lib/thumb/v7e-m/fpv4-sp/hard\libc_nano.a(lib_a-mprec.o)
                0x08003430                __lo0bits
 .text.__i2b    0x0800348e       0x12 c:/users/49542/opensourcetools/gnu tools arm embedded/7 2018-q2-update/bin/../lib/gcc/arm-none-eabi/7.3.1/../../../../arm-none-eabi/lib/thumb/v7e-m/fpv4-sp/hard\libc_nano.a(lib_a-mprec.o)
                0x0800348e                __i2b
 .text.__multiply
                0x080034a0      0x12c c:/users/49542/opensourcetools/gnu tools arm embedded/7 2018-q2-update/bin/../lib/gcc/arm-none-eabi/7.3.1/../../../../arm-none-eabi/lib/thumb/v7e-m/fpv4-sp/hard\libc_nano.a(lib_a-mprec.o)
                0x080034a0                __multiply
 .text.__pow5mult
                0x080035cc       0x9c c:/users/49542/opensourcetools/gnu tools arm embedded/7 2018-q2-update/bin/../lib/gcc/arm-none-eabi/7.3.1/../../../../arm-none-eabi/lib/thumb/v7e-m/fpv4-sp/hard\libc_nano.a(lib_a-mprec.o)
                0x080035cc                __pow5mult
 .text.__lshift
                0x08003668       0xa8 c:/users/49542/opensourcetools/gnu tools arm embedded/7 2018-q2-update/bin/../lib/gcc/arm-none-eabi/7.3.1/../../../../arm-none-eabi/lib/thumb/v7e-m/fpv4-sp/hard\libc_nano.a(lib_a-mprec.o)
                0x08003668                __lshift
 .text.__mcmp   0x08003710       0x34 c:/users/49542/opensourcetools/gnu tools arm embedded/7 2018-q2-update/bin/../lib/gcc/arm-none-eabi/7.3.1/../../../../arm-none-eabi/lib/thumb/v7e-m/fpv4-sp/hard\libc_nano.a(lib_a-mprec.o)
                0x08003710                __mcmp
 .text.__mdiff  0x08003744       0xba c:/users/49542/opensourcetools/gnu tools arm embedded/7 2018-q2-update/bin/../lib/gcc/arm-none-eabi/7.3.1/../../../../arm-none-eabi/lib/thumb/v7e-m/fpv4-sp/hard\libc_nano.a(lib_a-mprec.o)
                0x08003744                __mdiff
 .text.__d2b    0x080037fe       0x9e c:/users/49542/opensourcetools/gnu tools arm embedded/7 2018-q2-update/bin/../lib/gcc/arm-none-eabi/7.3.1/../../../../arm-none-eabi/lib/thumb/v7e-m/fpv4-sp/hard\libc_nano.a(lib_a-mprec.o)
                0x080037fe                __d2b
 .text._calloc_r
                0x0800389c       0x1c c:/users/49542/opensourcetools/gnu tools arm embedded/7 2018-q2-update/bin/../lib/gcc/arm-none-eabi/7.3.1/../../../../arm-none-eabi/lib/thumb/v7e-m/fpv4-sp/hard\libc_nano.a(lib_a-nano-callocr.o)
                0x0800389c                _calloc_r
 .text._free_r  0x080038b8       0x9c c:/users/49542/opensourcetools/gnu tools arm embedded/7 2018-q2-update/bin/../lib/gcc/arm-none-eabi/7.3.1/../../../../arm-none-eabi/lib/thumb/v7e-m/fpv4-sp/hard\libc_nano.a(lib_a-nano-freer.o)
                0x080038b8                _free_r
 .text._malloc_r
                0x08003954       0xb4 c:/users/49542/opensourcetools/gnu tools arm embedded/7 2018-q2-update/bin/../lib/gcc/arm-none-eabi/7.3.1/../../../../arm-none-eabi/lib/thumb/v7e-m/fpv4-sp/hard\libc_nano.a(lib_a-nano-mallocr.o)
                0x08003954                _malloc_r
 .text._sbrk_r  0x08003a08       0x20 c:/users/49542/opensourcetools/gnu tools arm embedded/7 2018-q2-update/bin/../lib/gcc/arm-none-eabi/7.3.1/../../../../arm-none-eabi/lib/thumb/v7e-m/fpv4-sp/hard\libc_nano.a(lib_a-sbrkr.o)
                0x08003a08                _sbrk_r
 .text.__sread  0x08003a28       0x22 c:/users/49542/opensourcetools/gnu tools arm embedded/7 2018-q2-update/bin/../lib/gcc/arm-none-eabi/7.3.1/../../../../arm-none-eabi/lib/thumb/v7e-m/fpv4-sp/hard\libc_nano.a(lib_a-stdio.o)
                0x08003a28                __sread
 .text.__swrite
                0x08003a4a       0x38 c:/users/49542/opensourcetools/gnu tools arm embedded/7 2018-q2-update/bin/../lib/gcc/arm-none-eabi/7.3.1/../../../../arm-none-eabi/lib/thumb/v7e-m/fpv4-sp/hard\libc_nano.a(lib_a-stdio.o)
                0x08003a4a                __swrite
 .text.__sseek  0x08003a82       0x24 c:/users/49542/opensourcetools/gnu tools arm embedded/7 2018-q2-update/bin/../lib/gcc/arm-none-eabi/7.3.1/../../../../arm-none-eabi/lib/thumb/v7e-m/fpv4-sp/hard\libc_nano.a(lib_a-stdio.o)
                0x08003a82                __sseek
 .text.__sclose
                0x08003aa6        0x8 c:/users/49542/opensourcetools/gnu tools arm embedded/7 2018-q2-update/bin/../lib/gcc/arm-none-eabi/7.3.1/../../../../arm-none-eabi/lib/thumb/v7e-m/fpv4-sp/hard\libc_nano.a(lib_a-stdio.o)
                0x08003aa6                __sclose
 *fill*         0x08003aae        0x2 
 .text._write_r
                0x08003ab0       0x24 c:/users/49542/opensourcetools/gnu tools arm embedded/7 2018-q2-update/bin/../lib/gcc/arm-none-eabi/7.3.1/../../../../arm-none-eabi/lib/thumb/v7e-m/fpv4-sp/hard\libc_nano.a(lib_a-writer.o)
                0x08003ab0                _write_r
 .text._close_r
                0x08003ad4       0x20 c:/users/49542/opensourcetools/gnu tools arm embedded/7 2018-q2-update/bin/../lib/gcc/arm-none-eabi/7.3.1/../../../../arm-none-eabi/lib/thumb/v7e-m/fpv4-sp/hard\libc_nano.a(lib_a-closer.o)
                0x08003ad4                _close_r
 .text._fstat_r
                0x08003af4       0x24 c:/users/49542/opensourcetools/gnu tools arm embedded/7 2018-q2-update/bin/../lib/gcc/arm-none-eabi/7.3.1/../../../../arm-none-eabi/lib/thumb/v7e-m/fpv4-sp/hard\libc_nano.a(lib_a-fstatr.o)
                0x08003af4                _fstat_r
 .text._isatty_r
                0x08003b18       0x20 c:/users/49542/opensourcetools/gnu tools arm embedded/7 2018-q2-update/bin/../lib/gcc/arm-none-eabi/7.3.1/../../../../arm-none-eabi/lib/thumb/v7e-m/fpv4-sp/hard\libc_nano.a(lib_a-isattyr.o)
                0x08003b18                _isatty_r
 .text._lseek_r
                0x08003b38       0x24 c:/users/49542/opensourcetools/gnu tools arm embedded/7 2018-q2-update/bin/../lib/gcc/arm-none-eabi/7.3.1/../../../../arm-none-eabi/lib/thumb/v7e-m/fpv4-sp/hard\libc_nano.a(lib_a-lseekr.o)
                0x08003b38                _lseek_r
 .text.__ascii_mbtowc
                0x08003b5c       0x24 c:/users/49542/opensourcetools/gnu tools arm embedded/7 2018-q2-update/bin/../lib/gcc/arm-none-eabi/7.3.1/../../../../arm-none-eabi/lib/thumb/v7e-m/fpv4-sp/hard\libc_nano.a(lib_a-mbtowc_r.o)
                0x08003b5c                __ascii_mbtowc
 .text.__malloc_lock
                0x08003b80        0x2 c:/users/49542/opensourcetools/gnu tools arm embedded/7 2018-q2-update/bin/../lib/gcc/arm-none-eabi/7.3.1/../../../../arm-none-eabi/lib/thumb/v7e-m/fpv4-sp/hard\libc_nano.a(lib_a-mlock.o)
                0x08003b80                __malloc_lock
 .text.__malloc_unlock
                0x08003b82        0x2 c:/users/49542/opensourcetools/gnu tools arm embedded/7 2018-q2-update/bin/../lib/gcc/arm-none-eabi/7.3.1/../../../../arm-none-eabi/lib/thumb/v7e-m/fpv4-sp/hard\libc_nano.a(lib_a-mlock.o)
                0x08003b82                __malloc_unlock
 .text._read_r  0x08003b84       0x24 c:/users/49542/opensourcetools/gnu tools arm embedded/7 2018-q2-update/bin/../lib/gcc/arm-none-eabi/7.3.1/../../../../arm-none-eabi/lib/thumb/v7e-m/fpv4-sp/hard\libc_nano.a(lib_a-readr.o)
                0x08003b84                _read_r
 .text.__ascii_wctomb
                0x08003ba8       0x1a c:/users/49542/opensourcetools/gnu tools arm embedded/7 2018-q2-update/bin/../lib/gcc/arm-none-eabi/7.3.1/../../../../arm-none-eabi/lib/thumb/v7e-m/fpv4-sp/hard\libc_nano.a(lib_a-wctomb_r.o)
                0x08003ba8                __ascii_wctomb
 *fill*         0x08003bc2        0x2 
 .text._close   0x08003bc4       0x10 c:/users/49542/opensourcetools/gnu tools arm embedded/7 2018-q2-update/bin/../lib/gcc/arm-none-eabi/7.3.1/../../../../arm-none-eabi/lib/thumb/v7e-m/fpv4-sp/hard\libnosys.a(close.o)
                0x08003bc4                _close
 .text._fstat   0x08003bd4       0x10 c:/users/49542/opensourcetools/gnu tools arm embedded/7 2018-q2-update/bin/../lib/gcc/arm-none-eabi/7.3.1/../../../../arm-none-eabi/lib/thumb/v7e-m/fpv4-sp/hard\libnosys.a(fstat.o)
                0x08003bd4                _fstat
 .text._isatty  0x08003be4       0x10 c:/users/49542/opensourcetools/gnu tools arm embedded/7 2018-q2-update/bin/../lib/gcc/arm-none-eabi/7.3.1/../../../../arm-none-eabi/lib/thumb/v7e-m/fpv4-sp/hard\libnosys.a(isatty.o)
                0x08003be4                _isatty
 .text._lseek   0x08003bf4       0x10 c:/users/49542/opensourcetools/gnu tools arm embedded/7 2018-q2-update/bin/../lib/gcc/arm-none-eabi/7.3.1/../../../../arm-none-eabi/lib/thumb/v7e-m/fpv4-sp/hard\libnosys.a(lseek.o)
                0x08003bf4                _lseek
 .text._read    0x08003c04       0x10 c:/users/49542/opensourcetools/gnu tools arm embedded/7 2018-q2-update/bin/../lib/gcc/arm-none-eabi/7.3.1/../../../../arm-none-eabi/lib/thumb/v7e-m/fpv4-sp/hard\libnosys.a(read.o)
                0x08003c04                _read
 .text._sbrk    0x08003c14       0x1c c:/users/49542/opensourcetools/gnu tools arm embedded/7 2018-q2-update/bin/../lib/gcc/arm-none-eabi/7.3.1/../../../../arm-none-eabi/lib/thumb/v7e-m/fpv4-sp/hard\libnosys.a(sbrk.o)
                0x08003c14                _sbrk
 *(.glue_7)
 .glue_7        0x08003c30        0x0 linker stubs
 *(.glue_7t)
 .glue_7t       0x08003c30        0x0 linker stubs
 *(.eh_frame)
 .eh_frame      0x08003c30        0x0 c:/users/49542/opensourcetools/gnu tools arm embedded/7 2018-q2-update/bin/../lib/gcc/arm-none-eabi/7.3.1/thumb/v7e-m/fpv4-sp/hard/crtbegin.o
 *(.init)
 .init          0x08003c30        0x4 c:/users/49542/opensourcetools/gnu tools arm embedded/7 2018-q2-update/bin/../lib/gcc/arm-none-eabi/7.3.1/thumb/v7e-m/fpv4-sp/hard/crti.o
                0x08003c30                _init
 .init          0x08003c34        0x8 c:/users/49542/opensourcetools/gnu tools arm embedded/7 2018-q2-update/bin/../lib/gcc/arm-none-eabi/7.3.1/thumb/v7e-m/fpv4-sp/hard/crtn.o
 *(.fini)
 .fini          0x08003c3c        0x4 c:/users/49542/opensourcetools/gnu tools arm embedded/7 2018-q2-update/bin/../lib/gcc/arm-none-eabi/7.3.1/thumb/v7e-m/fpv4-sp/hard/crti.o
                0x08003c3c                _fini
 .fini          0x08003c40        0x8 c:/users/49542/opensourcetools/gnu tools arm embedded/7 2018-q2-update/bin/../lib/gcc/arm-none-eabi/7.3.1/thumb/v7e-m/fpv4-sp/hard/crtn.o
                0x08003c48                . = ALIGN (0x8)
                0x08003c48                _etext = .

.vfp11_veneer   0x08003c48        0x0
 .vfp11_veneer  0x08003c48        0x0 linker stubs

.v4_bx          0x08003c48        0x0
 .v4_bx         0x08003c48        0x0 linker stubs

.iplt           0x08003c48        0x0
 .iplt          0x08003c48        0x0 c:/users/49542/opensourcetools/gnu tools arm embedded/7 2018-q2-update/bin/../lib/gcc/arm-none-eabi/7.3.1/thumb/v7e-m/fpv4-sp/hard/crtbegin.o

.rodata         0x08003c48      0x2e0
                0x08003c48                . = ALIGN (0x8)
 *(.rodata)
 .rodata        0x08003c48       0x18 build/gd32f30x_rcu.o
 .rodata        0x08003c60       0x3b build/main.o
 *(.rodata*)
 *fill*         0x08003c9b        0x1 
 .rodata._global_impure_ptr
                0x08003c9c        0x4 c:/users/49542/opensourcetools/gnu tools arm embedded/7 2018-q2-update/bin/../lib/gcc/arm-none-eabi/7.3.1/../../../../arm-none-eabi/lib/thumb/v7e-m/fpv4-sp/hard\libc_nano.a(lib_a-impure.o)
                0x08003c9c                _global_impure_ptr
 .rodata._printf_float.str1.1
                0x08003ca0       0x12 c:/users/49542/opensourcetools/gnu tools arm embedded/7 2018-q2-update/bin/../lib/gcc/arm-none-eabi/7.3.1/../../../../arm-none-eabi/lib/thumb/v7e-m/fpv4-sp/hard\libc_nano.a(lib_a-nano-vfprintf_float.o)
 .rodata._dtoa_r.str1.1
                0x08003cb2        0xd c:/users/49542/opensourcetools/gnu tools arm embedded/7 2018-q2-update/bin/../lib/gcc/arm-none-eabi/7.3.1/../../../../arm-none-eabi/lib/thumb/v7e-m/fpv4-sp/hard\libc_nano.a(lib_a-dtoa.o)
                                  0xf (size before relaxing)
 *fill*         0x08003cbf        0x1 
 .rodata.__sf_fake_stderr
                0x08003cc0       0x20 c:/users/49542/opensourcetools/gnu tools arm embedded/7 2018-q2-update/bin/../lib/gcc/arm-none-eabi/7.3.1/../../../../arm-none-eabi/lib/thumb/v7e-m/fpv4-sp/hard\libc_nano.a(lib_a-findfp.o)
                0x08003cc0                __sf_fake_stderr
 .rodata.__sf_fake_stdin
                0x08003ce0       0x20 c:/users/49542/opensourcetools/gnu tools arm embedded/7 2018-q2-update/bin/../lib/gcc/arm-none-eabi/7.3.1/../../../../arm-none-eabi/lib/thumb/v7e-m/fpv4-sp/hard\libc_nano.a(lib_a-findfp.o)
                0x08003ce0                __sf_fake_stdin
 .rodata.__sf_fake_stdout
                0x08003d00       0x20 c:/users/49542/opensourcetools/gnu tools arm embedded/7 2018-q2-update/bin/../lib/gcc/arm-none-eabi/7.3.1/../../../../arm-none-eabi/lib/thumb/v7e-m/fpv4-sp/hard\libc_nano.a(lib_a-findfp.o)
                0x08003d00                __sf_fake_stdout
 .rodata.__mprec_bigtens
                0x08003d20       0x28 c:/users/49542/opensourcetools/gnu tools arm embedded/7 2018-q2-update/bin/../lib/gcc/arm-none-eabi/7.3.1/../../../../arm-none-eabi/lib/thumb/v7e-m/fpv4-sp/hard\libc_nano.a(lib_a-mprec.o)
                0x08003d20                __mprec_bigtens
 .rodata.__mprec_tens
                0x08003d48       0xc8 c:/users/49542/opensourcetools/gnu tools arm embedded/7 2018-q2-update/bin/../lib/gcc/arm-none-eabi/7.3.1/../../../../arm-none-eabi/lib/thumb/v7e-m/fpv4-sp/hard\libc_nano.a(lib_a-mprec.o)
                0x08003d48                __mprec_tens
 .rodata.p05.7359
                0x08003e10        0xc c:/users/49542/opensourcetools/gnu tools arm embedded/7 2018-q2-update/bin/../lib/gcc/arm-none-eabi/7.3.1/../../../../arm-none-eabi/lib/thumb/v7e-m/fpv4-sp/hard\libc_nano.a(lib_a-mprec.o)
 .rodata._setlocale_r.str1.1
                0x08003e1c        0x8 c:/users/49542/opensourcetools/gnu tools arm embedded/7 2018-q2-update/bin/../lib/gcc/arm-none-eabi/7.3.1/../../../../arm-none-eabi/lib/thumb/v7e-m/fpv4-sp/hard\libc_nano.a(lib_a-locale.o)
                                  0x9 (size before relaxing)
 .rodata.str1.1
                0x08003e24        0x2 c:/users/49542/opensourcetools/gnu tools arm embedded/7 2018-q2-update/bin/../lib/gcc/arm-none-eabi/7.3.1/../../../../arm-none-eabi/lib/thumb/v7e-m/fpv4-sp/hard\libc_nano.a(lib_a-locale.o)
 .rodata._ctype_
                0x08003e26      0x101 c:/users/49542/opensourcetools/gnu tools arm embedded/7 2018-q2-update/bin/../lib/gcc/arm-none-eabi/7.3.1/../../../../arm-none-eabi/lib/thumb/v7e-m/fpv4-sp/hard\libc_nano.a(lib_a-ctype_.o)
                0x08003e26                _ctype_
                0x08003f28                . = ALIGN (0x8)
 *fill*         0x08003f27        0x1 

.rel.dyn        0x08003f28        0x0
 .rel.iplt      0x08003f28        0x0 c:/users/49542/opensourcetools/gnu tools arm embedded/7 2018-q2-update/bin/../lib/gcc/arm-none-eabi/7.3.1/thumb/v7e-m/fpv4-sp/hard/crtbegin.o

.ARM.extab      0x08003f28        0x0
                0x08003f28                . = ALIGN (0x8)
 *(.ARM.extab* .gnu.linkonce.armextab.*)
                0x08003f28                . = ALIGN (0x8)

.ARM            0x08003f28        0x0
                0x08003f28                . = ALIGN (0x8)
                0x08003f28                __exidx_start = .
 *(.ARM.exidx*)
                0x08003f28                __exidx_end = .
                0x08003f28                . = ALIGN (0x8)

.preinit_array  0x08003f28        0x0
                0x08003f28                . = ALIGN (0x8)
                0x08003f28                PROVIDE (__preinit_array_start = .)
 *(.preinit_array*)
                0x08003f28                PROVIDE (__preinit_array_end = .)
                0x08003f28                . = ALIGN (0x8)

.init_array     0x08003f28        0x8
                0x08003f28                . = ALIGN (0x8)
                0x08003f28                PROVIDE (__init_array_start = .)
 *(SORT_BY_NAME(.init_array.*))
 *(.init_array*)
 .init_array    0x08003f28        0x4 c:/users/49542/opensourcetools/gnu tools arm embedded/7 2018-q2-update/bin/../lib/gcc/arm-none-eabi/7.3.1/thumb/v7e-m/fpv4-sp/hard/crtbegin.o
                0x08003f2c                PROVIDE (__init_array_end = .)
                0x08003f30                . = ALIGN (0x8)
 *fill*         0x08003f2c        0x4 

.fini_array     0x08003f30        0x8
                0x08003f30                . = ALIGN (0x8)
                [!provide]                PROVIDE (__fini_array_start = .)
 *(SORT_BY_NAME(.fini_array.*))
 *(.fini_array*)
 .fini_array    0x08003f30        0x4 c:/users/49542/opensourcetools/gnu tools arm embedded/7 2018-q2-update/bin/../lib/gcc/arm-none-eabi/7.3.1/thumb/v7e-m/fpv4-sp/hard/crtbegin.o
                [!provide]                PROVIDE (__fini_array_end = .)
                0x08003f38                . = ALIGN (0x8)
 *fill*         0x08003f34        0x4 
                0x08003f38                _si_liteos_vector_data = LOADADDR (.vector_ram)

.vector_ram     0x20000000        0x0 load address 0x08003f38
                0x20000000                . = ORIGIN (RAM)
                0x20000000                _s_liteos_vector = .
 *(.data.vector)
                0x20000000                _e_liteos_vector = .
                0x08003f38                _sidata = LOADADDR (.data)

.data           0x20000000      0x218 load address 0x08003f38
                0x20000000                . = ALIGN (0x8)
                0x20000000                _sdata = .
 *(.data)
 *(.data*)
 .data.GPIO_PORT
                0x20000000       0x10 build/BearPi-IoT_gd32f303.o
 .data.GPIO_PIN
                0x20000010       0x10 build/BearPi-IoT_gd32f303.o
 .data.COM_CLK  0x20000020        0x4 build/BearPi-IoT_gd32f303.o
 .data.COM_TX_PIN
                0x20000024        0x8 build/BearPi-IoT_gd32f303.o
 .data.COM_RX_PIN
                0x2000002c        0x8 build/BearPi-IoT_gd32f303.o
 .data.COM_GPIO_PORT
                0x20000034        0x8 build/BearPi-IoT_gd32f303.o
 .data.COM_GPIO_CLK
                0x2000003c        0x4 build/BearPi-IoT_gd32f303.o
 .data.GPIO_CLK
                0x20000040        0x8 build/BearPi-IoT_gd32f303.o
 .data._impure_ptr
                0x20000048        0x4 c:/users/49542/opensourcetools/gnu tools arm embedded/7 2018-q2-update/bin/../lib/gcc/arm-none-eabi/7.3.1/../../../../arm-none-eabi/lib/thumb/v7e-m/fpv4-sp/hard\libc_nano.a(lib_a-impure.o)
                0x20000048                _impure_ptr
 .data.impure_data
                0x2000004c       0x60 c:/users/49542/opensourcetools/gnu tools arm embedded/7 2018-q2-update/bin/../lib/gcc/arm-none-eabi/7.3.1/../../../../arm-none-eabi/lib/thumb/v7e-m/fpv4-sp/hard\libc_nano.a(lib_a-impure.o)
 .data.__global_locale
                0x200000ac      0x16c c:/users/49542/opensourcetools/gnu tools arm embedded/7 2018-q2-update/bin/../lib/gcc/arm-none-eabi/7.3.1/../../../../arm-none-eabi/lib/thumb/v7e-m/fpv4-sp/hard\libc_nano.a(lib_a-locale.o)
                0x200000ac                __global_locale
                0x20000218                . = ALIGN (0x8)
                0x20000218                _edata = .

.igot.plt       0x20000218        0x0 load address 0x08004150
 .igot.plt      0x20000218        0x0 c:/users/49542/opensourcetools/gnu tools arm embedded/7 2018-q2-update/bin/../lib/gcc/arm-none-eabi/7.3.1/thumb/v7e-m/fpv4-sp/hard/crtbegin.o
                0x20000218                . = ALIGN (0x4)

.bss            0x20000218       0x2c load address 0x08004150
                0x20000218                _sbss = .
                0x20000218                __bss_start__ = _sbss
 *(.bss)
 .bss           0x20000218       0x1c c:/users/49542/opensourcetools/gnu tools arm embedded/7 2018-q2-update/bin/../lib/gcc/arm-none-eabi/7.3.1/thumb/v7e-m/fpv4-sp/hard/crtbegin.o
 *(.bss*)
 .bss.__malloc_free_list
                0x20000234        0x4 c:/users/49542/opensourcetools/gnu tools arm embedded/7 2018-q2-update/bin/../lib/gcc/arm-none-eabi/7.3.1/../../../../arm-none-eabi/lib/thumb/v7e-m/fpv4-sp/hard\libc_nano.a(lib_a-nano-mallocr.o)
                0x20000234                __malloc_free_list
 .bss.__malloc_sbrk_start
                0x20000238        0x4 c:/users/49542/opensourcetools/gnu tools arm embedded/7 2018-q2-update/bin/../lib/gcc/arm-none-eabi/7.3.1/../../../../arm-none-eabi/lib/thumb/v7e-m/fpv4-sp/hard\libc_nano.a(lib_a-nano-mallocr.o)
                0x20000238                __malloc_sbrk_start
 .bss.heap_end.5377
                0x2000023c        0x4 c:/users/49542/opensourcetools/gnu tools arm embedded/7 2018-q2-update/bin/../lib/gcc/arm-none-eabi/7.3.1/../../../../arm-none-eabi/lib/thumb/v7e-m/fpv4-sp/hard\libnosys.a(sbrk.o)
 *(COMMON)
 COMMON         0x20000240        0x4 c:/users/49542/opensourcetools/gnu tools arm embedded/7 2018-q2-update/bin/../lib/gcc/arm-none-eabi/7.3.1/../../../../arm-none-eabi/lib/thumb/v7e-m/fpv4-sp/hard\libc_nano.a(lib_a-reent.o)
                0x20000240                errno
                0x20000244                . = ALIGN (0x4)
                0x20000244                _ebss = .
                0x20000244                __bss_end__ = _ebss

._user_heap_stack
                0x20000244      0x404 load address 0x08004150
                0x20000248                . = ALIGN (0x8)
 *fill*         0x20000244        0x4 
                0x20000248                PROVIDE (end = .)
                [!provide]                PROVIDE (_end = .)
                0x20000448                . = (. + _Min_Heap_Size)
 *fill*         0x20000248      0x200 
                0x20000648                . = (. + _Min_Stack_Size)
 *fill*         0x20000448      0x200 
                0x20000648                . = ALIGN (0x8)
                0x20000648                . = ALIGN (0x8)
                0x20000648                __los_heap_addr_start__ = .
                0x2000fdff                __los_heap_addr_end__ = (((ORIGIN (RAM) + LENGTH (RAM)) - _Min_Stack_Size) - 0x1)

/DISCARD/
 libc.a(*)
 libm.a(*)
 libgcc.a(*)

.ARM.attributes
                0x00000000       0x30
 *(.ARM.attributes)
 .ARM.attributes
                0x00000000       0x22 c:/users/49542/opensourcetools/gnu tools arm embedded/7 2018-q2-update/bin/../lib/gcc/arm-none-eabi/7.3.1/thumb/v7e-m/fpv4-sp/hard/crti.o
 .ARM.attributes
                0x00000022       0x34 c:/users/49542/opensourcetools/gnu tools arm embedded/7 2018-q2-update/bin/../lib/gcc/arm-none-eabi/7.3.1/thumb/v7e-m/fpv4-sp/hard/crtbegin.o
 .ARM.attributes
                0x00000056       0x39 build/gd32f30x_misc.o
 .ARM.attributes
                0x0000008f       0x39 build/gd32f30x_pmu.o
 .ARM.attributes
                0x000000c8       0x39 build/gd32f30x_usart.o
 .ARM.attributes
                0x00000101       0x39 build/gd32f30x_gpio.o
 .ARM.attributes
                0x0000013a       0x39 build/gd32f30x_rcu.o
 .ARM.attributes
                0x00000173       0x39 build/gd32f30x_it.o
 .ARM.attributes
                0x000001ac       0x39 build/main.o
 .ARM.attributes
                0x000001e5       0x39 build/BearPi-IoT_gd32f303.o
 .ARM.attributes
                0x0000021e       0x39 build/system_gd32f30x.o
 .ARM.attributes
                0x00000257       0x21 build/GD32F303RGT6_GCC.o
 .ARM.attributes
                0x00000278       0x34 c:/users/49542/opensourcetools/gnu tools arm embedded/7 2018-q2-update/bin/../lib/gcc/arm-none-eabi/7.3.1/../../../../arm-none-eabi/lib/thumb/v7e-m/fpv4-sp/hard\libc_nano.a(lib_a-impure.o)
 .ARM.attributes
                0x000002ac       0x34 c:/users/49542/opensourcetools/gnu tools arm embedded/7 2018-q2-update/bin/../lib/gcc/arm-none-eabi/7.3.1/../../../../arm-none-eabi/lib/thumb/v7e-m/fpv4-sp/hard\libc_nano.a(lib_a-init.o)
 .ARM.attributes
                0x000002e0       0x34 c:/users/49542/opensourcetools/gnu tools arm embedded/7 2018-q2-update/bin/../lib/gcc/arm-none-eabi/7.3.1/../../../../arm-none-eabi/lib/thumb/v7e-m/fpv4-sp/hard\libc_nano.a(lib_a-memset.o)
 .ARM.attributes
                0x00000314       0x34 c:/users/49542/opensourcetools/gnu tools arm embedded/7 2018-q2-update/bin/../lib/gcc/arm-none-eabi/7.3.1/../../../../arm-none-eabi/lib/thumb/v7e-m/fpv4-sp/hard\libc_nano.a(lib_a-nano-vfprintf_float.o)
 .ARM.attributes
                0x00000348       0x34 c:/users/49542/opensourcetools/gnu tools arm embedded/7 2018-q2-update/bin/../lib/gcc/arm-none-eabi/7.3.1/../../../../arm-none-eabi/lib/thumb/v7e-m/fpv4-sp/hard\libc_nano.a(lib_a-nano-vfprintf_i.o)
 .ARM.attributes
                0x0000037c       0x34 c:/users/49542/opensourcetools/gnu tools arm embedded/7 2018-q2-update/bin/../lib/gcc/arm-none-eabi/7.3.1/../../../../arm-none-eabi/lib/thumb/v7e-m/fpv4-sp/hard\libc_nano.a(lib_a-puts.o)
 .ARM.attributes
                0x000003b0       0x1b c:/users/49542/opensourcetools/gnu tools arm embedded/7 2018-q2-update/bin/../lib/gcc/arm-none-eabi/7.3.1/../../../../arm-none-eabi/lib/thumb/v7e-m/fpv4-sp/hard\libc_nano.a(lib_a-strlen.o)
 .ARM.attributes
                0x000003cb       0x34 c:/users/49542/opensourcetools/gnu tools arm embedded/7 2018-q2-update/bin/../lib/gcc/arm-none-eabi/7.3.1/../../../../arm-none-eabi/lib/thumb/v7e-m/fpv4-sp/hard\libc_nano.a(lib_a-wbuf.o)
 .ARM.attributes
                0x000003ff       0x34 c:/users/49542/opensourcetools/gnu tools arm embedded/7 2018-q2-update/bin/../lib/gcc/arm-none-eabi/7.3.1/../../../../arm-none-eabi/lib/thumb/v7e-m/fpv4-sp/hard\libc_nano.a(lib_a-wsetup.o)
 .ARM.attributes
                0x00000433       0x34 c:/users/49542/opensourcetools/gnu tools arm embedded/7 2018-q2-update/bin/../lib/gcc/arm-none-eabi/7.3.1/../../../../arm-none-eabi/lib/thumb/v7e-m/fpv4-sp/hard\libc_nano.a(lib_a-dtoa.o)
 .ARM.attributes
                0x00000467       0x34 c:/users/49542/opensourcetools/gnu tools arm embedded/7 2018-q2-update/bin/../lib/gcc/arm-none-eabi/7.3.1/../../../../arm-none-eabi/lib/thumb/v7e-m/fpv4-sp/hard\libc_nano.a(lib_a-fflush.o)
 .ARM.attributes
                0x0000049b       0x34 c:/users/49542/opensourcetools/gnu tools arm embedded/7 2018-q2-update/bin/../lib/gcc/arm-none-eabi/7.3.1/../../../../arm-none-eabi/lib/thumb/v7e-m/fpv4-sp/hard\libc_nano.a(lib_a-findfp.o)
 .ARM.attributes
                0x000004cf       0x34 c:/users/49542/opensourcetools/gnu tools arm embedded/7 2018-q2-update/bin/../lib/gcc/arm-none-eabi/7.3.1/../../../../arm-none-eabi/lib/thumb/v7e-m/fpv4-sp/hard\libc_nano.a(lib_a-fwalk.o)
 .ARM.attributes
                0x00000503       0x34 c:/users/49542/opensourcetools/gnu tools arm embedded/7 2018-q2-update/bin/../lib/gcc/arm-none-eabi/7.3.1/../../../../arm-none-eabi/lib/thumb/v7e-m/fpv4-sp/hard\libc_nano.a(lib_a-localeconv.o)
 .ARM.attributes
                0x00000537       0x34 c:/users/49542/opensourcetools/gnu tools arm embedded/7 2018-q2-update/bin/../lib/gcc/arm-none-eabi/7.3.1/../../../../arm-none-eabi/lib/thumb/v7e-m/fpv4-sp/hard\libc_nano.a(lib_a-makebuf.o)
 .ARM.attributes
                0x0000056b       0x34 c:/users/49542/opensourcetools/gnu tools arm embedded/7 2018-q2-update/bin/../lib/gcc/arm-none-eabi/7.3.1/../../../../arm-none-eabi/lib/thumb/v7e-m/fpv4-sp/hard\libc_nano.a(lib_a-malloc.o)
 .ARM.attributes
                0x0000059f       0x34 c:/users/49542/opensourcetools/gnu tools arm embedded/7 2018-q2-update/bin/../lib/gcc/arm-none-eabi/7.3.1/../../../../arm-none-eabi/lib/thumb/v7e-m/fpv4-sp/hard\libc_nano.a(lib_a-memcpy-stub.o)
 .ARM.attributes
                0x000005d3       0x34 c:/users/49542/opensourcetools/gnu tools arm embedded/7 2018-q2-update/bin/../lib/gcc/arm-none-eabi/7.3.1/../../../../arm-none-eabi/lib/thumb/v7e-m/fpv4-sp/hard\libc_nano.a(lib_a-mprec.o)
 .ARM.attributes
                0x00000607       0x34 c:/users/49542/opensourcetools/gnu tools arm embedded/7 2018-q2-update/bin/../lib/gcc/arm-none-eabi/7.3.1/../../../../arm-none-eabi/lib/thumb/v7e-m/fpv4-sp/hard\libc_nano.a(lib_a-nano-callocr.o)
 .ARM.attributes
                0x0000063b       0x34 c:/users/49542/opensourcetools/gnu tools arm embedded/7 2018-q2-update/bin/../lib/gcc/arm-none-eabi/7.3.1/../../../../arm-none-eabi/lib/thumb/v7e-m/fpv4-sp/hard\libc_nano.a(lib_a-nano-freer.o)
 .ARM.attributes
                0x0000066f       0x34 c:/users/49542/opensourcetools/gnu tools arm embedded/7 2018-q2-update/bin/../lib/gcc/arm-none-eabi/7.3.1/../../../../arm-none-eabi/lib/thumb/v7e-m/fpv4-sp/hard\libc_nano.a(lib_a-nano-mallocr.o)
 .ARM.attributes
                0x000006a3       0x34 c:/users/49542/opensourcetools/gnu tools arm embedded/7 2018-q2-update/bin/../lib/gcc/arm-none-eabi/7.3.1/../../../../arm-none-eabi/lib/thumb/v7e-m/fpv4-sp/hard\libc_nano.a(lib_a-sbrkr.o)
 .ARM.attributes
                0x000006d7       0x34 c:/users/49542/opensourcetools/gnu tools arm embedded/7 2018-q2-update/bin/../lib/gcc/arm-none-eabi/7.3.1/../../../../arm-none-eabi/lib/thumb/v7e-m/fpv4-sp/hard\libc_nano.a(lib_a-stdio.o)
 .ARM.attributes
                0x0000070b       0x34 c:/users/49542/opensourcetools/gnu tools arm embedded/7 2018-q2-update/bin/../lib/gcc/arm-none-eabi/7.3.1/../../../../arm-none-eabi/lib/thumb/v7e-m/fpv4-sp/hard\libc_nano.a(lib_a-writer.o)
 .ARM.attributes
                0x0000073f       0x34 c:/users/49542/opensourcetools/gnu tools arm embedded/7 2018-q2-update/bin/../lib/gcc/arm-none-eabi/7.3.1/../../../../arm-none-eabi/lib/thumb/v7e-m/fpv4-sp/hard\libc_nano.a(lib_a-closer.o)
 .ARM.attributes
                0x00000773       0x34 c:/users/49542/opensourcetools/gnu tools arm embedded/7 2018-q2-update/bin/../lib/gcc/arm-none-eabi/7.3.1/../../../../arm-none-eabi/lib/thumb/v7e-m/fpv4-sp/hard\libc_nano.a(lib_a-fstatr.o)
 .ARM.attributes
                0x000007a7       0x34 c:/users/49542/opensourcetools/gnu tools arm embedded/7 2018-q2-update/bin/../lib/gcc/arm-none-eabi/7.3.1/../../../../arm-none-eabi/lib/thumb/v7e-m/fpv4-sp/hard\libc_nano.a(lib_a-isattyr.o)
 .ARM.attributes
                0x000007db       0x34 c:/users/49542/opensourcetools/gnu tools arm embedded/7 2018-q2-update/bin/../lib/gcc/arm-none-eabi/7.3.1/../../../../arm-none-eabi/lib/thumb/v7e-m/fpv4-sp/hard\libc_nano.a(lib_a-locale.o)
 .ARM.attributes
                0x0000080f       0x34 c:/users/49542/opensourcetools/gnu tools arm embedded/7 2018-q2-update/bin/../lib/gcc/arm-none-eabi/7.3.1/../../../../arm-none-eabi/lib/thumb/v7e-m/fpv4-sp/hard\libc_nano.a(lib_a-lseekr.o)
 .ARM.attributes
                0x00000843       0x34 c:/users/49542/opensourcetools/gnu tools arm embedded/7 2018-q2-update/bin/../lib/gcc/arm-none-eabi/7.3.1/../../../../arm-none-eabi/lib/thumb/v7e-m/fpv4-sp/hard\libc_nano.a(lib_a-mbtowc_r.o)
 .ARM.attributes
                0x00000877       0x34 c:/users/49542/opensourcetools/gnu tools arm embedded/7 2018-q2-update/bin/../lib/gcc/arm-none-eabi/7.3.1/../../../../arm-none-eabi/lib/thumb/v7e-m/fpv4-sp/hard\libc_nano.a(lib_a-mlock.o)
 .ARM.attributes
                0x000008ab       0x34 c:/users/49542/opensourcetools/gnu tools arm embedded/7 2018-q2-update/bin/../lib/gcc/arm-none-eabi/7.3.1/../../../../arm-none-eabi/lib/thumb/v7e-m/fpv4-sp/hard\libc_nano.a(lib_a-readr.o)
 .ARM.attributes
                0x000008df       0x34 c:/users/49542/opensourcetools/gnu tools arm embedded/7 2018-q2-update/bin/../lib/gcc/arm-none-eabi/7.3.1/../../../../arm-none-eabi/lib/thumb/v7e-m/fpv4-sp/hard\libc_nano.a(lib_a-reent.o)
 .ARM.attributes
                0x00000913       0x34 c:/users/49542/opensourcetools/gnu tools arm embedded/7 2018-q2-update/bin/../lib/gcc/arm-none-eabi/7.3.1/../../../../arm-none-eabi/lib/thumb/v7e-m/fpv4-sp/hard\libc_nano.a(lib_a-wctomb_r.o)
 .ARM.attributes
                0x00000947       0x34 c:/users/49542/opensourcetools/gnu tools arm embedded/7 2018-q2-update/bin/../lib/gcc/arm-none-eabi/7.3.1/../../../../arm-none-eabi/lib/thumb/v7e-m/fpv4-sp/hard\libc_nano.a(lib_a-ctype_.o)
 .ARM.attributes
                0x0000097b       0x34 c:/users/49542/opensourcetools/gnu tools arm embedded/7 2018-q2-update/bin/../lib/gcc/arm-none-eabi/7.3.1/../../../../arm-none-eabi/lib/thumb/v7e-m/fpv4-sp/hard\libnosys.a(close.o)
 .ARM.attributes
                0x000009af       0x34 c:/users/49542/opensourcetools/gnu tools arm embedded/7 2018-q2-update/bin/../lib/gcc/arm-none-eabi/7.3.1/../../../../arm-none-eabi/lib/thumb/v7e-m/fpv4-sp/hard\libnosys.a(fstat.o)
 .ARM.attributes
                0x000009e3       0x34 c:/users/49542/opensourcetools/gnu tools arm embedded/7 2018-q2-update/bin/../lib/gcc/arm-none-eabi/7.3.1/../../../../arm-none-eabi/lib/thumb/v7e-m/fpv4-sp/hard\libnosys.a(isatty.o)
 .ARM.attributes
                0x00000a17       0x34 c:/users/49542/opensourcetools/gnu tools arm embedded/7 2018-q2-update/bin/../lib/gcc/arm-none-eabi/7.3.1/../../../../arm-none-eabi/lib/thumb/v7e-m/fpv4-sp/hard\libnosys.a(lseek.o)
 .ARM.attributes
                0x00000a4b       0x34 c:/users/49542/opensourcetools/gnu tools arm embedded/7 2018-q2-update/bin/../lib/gcc/arm-none-eabi/7.3.1/../../../../arm-none-eabi/lib/thumb/v7e-m/fpv4-sp/hard\libnosys.a(read.o)
 .ARM.attributes
                0x00000a7f       0x34 c:/users/49542/opensourcetools/gnu tools arm embedded/7 2018-q2-update/bin/../lib/gcc/arm-none-eabi/7.3.1/../../../../arm-none-eabi/lib/thumb/v7e-m/fpv4-sp/hard\libnosys.a(sbrk.o)
 .ARM.attributes
                0x00000ab3       0x22 c:/users/49542/opensourcetools/gnu tools arm embedded/7 2018-q2-update/bin/../lib/gcc/arm-none-eabi/7.3.1/thumb/v7e-m/fpv4-sp/hard\libgcc.a(_arm_addsubdf3.o)
 .ARM.attributes
                0x00000ad5       0x22 c:/users/49542/opensourcetools/gnu tools arm embedded/7 2018-q2-update/bin/../lib/gcc/arm-none-eabi/7.3.1/thumb/v7e-m/fpv4-sp/hard\libgcc.a(_arm_muldivdf3.o)
 .ARM.attributes
                0x00000af7       0x22 c:/users/49542/opensourcetools/gnu tools arm embedded/7 2018-q2-update/bin/../lib/gcc/arm-none-eabi/7.3.1/thumb/v7e-m/fpv4-sp/hard\libgcc.a(_arm_cmpdf2.o)
 .ARM.attributes
                0x00000b19       0x22 c:/users/49542/opensourcetools/gnu tools arm embedded/7 2018-q2-update/bin/../lib/gcc/arm-none-eabi/7.3.1/thumb/v7e-m/fpv4-sp/hard\libgcc.a(_arm_unorddf2.o)
 .ARM.attributes
                0x00000b3b       0x22 c:/users/49542/opensourcetools/gnu tools arm embedded/7 2018-q2-update/bin/../lib/gcc/arm-none-eabi/7.3.1/thumb/v7e-m/fpv4-sp/hard\libgcc.a(_arm_fixdfsi.o)
 .ARM.attributes
                0x00000b5d       0x22 c:/users/49542/opensourcetools/gnu tools arm embedded/7 2018-q2-update/bin/../lib/gcc/arm-none-eabi/7.3.1/thumb/v7e-m/fpv4-sp/hard/crtn.o
OUTPUT(build/Huawei_LiteOS.elf elf32-littlearm)

.debug_info     0x00000000     0x96a5
 .debug_info    0x00000000      0xebc build/gd32f30x_misc.o
 .debug_info    0x00000ebc     0x1042 build/gd32f30x_pmu.o
 .debug_info    0x00001efe     0x17f6 build/gd32f30x_usart.o
 .debug_info    0x000036f4      0xfde build/gd32f30x_gpio.o
 .debug_info    0x000046d2     0x1738 build/gd32f30x_rcu.o
 .debug_info    0x00005e0a      0xb88 build/gd32f30x_it.o
 .debug_info    0x00006992      0xdc8 build/main.o
 .debug_info    0x0000775a     0x1258 build/BearPi-IoT_gd32f303.o
 .debug_info    0x000089b2      0xcd1 build/system_gd32f30x.o
 .debug_info    0x00009683       0x22 build/GD32F303RGT6_GCC.o

.debug_abbrev   0x00000000     0x15c6
 .debug_abbrev  0x00000000      0x209 build/gd32f30x_misc.o
 .debug_abbrev  0x00000209      0x2c1 build/gd32f30x_pmu.o
 .debug_abbrev  0x000004ca      0x2ab build/gd32f30x_usart.o
 .debug_abbrev  0x00000775      0x2d0 build/gd32f30x_gpio.o
 .debug_abbrev  0x00000a45      0x298 build/gd32f30x_rcu.o
 .debug_abbrev  0x00000cdd      0x1f0 build/gd32f30x_it.o
 .debug_abbrev  0x00000ecd      0x22e build/main.o
 .debug_abbrev  0x000010fb      0x289 build/BearPi-IoT_gd32f303.o
 .debug_abbrev  0x00001384      0x230 build/system_gd32f30x.o
 .debug_abbrev  0x000015b4       0x12 build/GD32F303RGT6_GCC.o

.debug_loc      0x00000000     0x34c2
 .debug_loc     0x00000000      0x278 build/gd32f30x_misc.o
 .debug_loc     0x00000278      0x61c build/gd32f30x_pmu.o
 .debug_loc     0x00000894     0x11e0 build/gd32f30x_usart.o
 .debug_loc     0x00001a74      0x650 build/gd32f30x_gpio.o
 .debug_loc     0x000020c4      0xd3a build/gd32f30x_rcu.o
 .debug_loc     0x00002dfe      0x1ec build/gd32f30x_it.o
 .debug_loc     0x00002fea       0xe0 build/main.o
 .debug_loc     0x000030ca      0x2e8 build/BearPi-IoT_gd32f303.o
 .debug_loc     0x000033b2      0x110 build/system_gd32f30x.o

.debug_aranges  0x00000000      0x608
 .debug_aranges
                0x00000000       0x50 build/gd32f30x_misc.o
 .debug_aranges
                0x00000050       0xb8 build/gd32f30x_pmu.o
 .debug_aranges
                0x00000108      0x1a8 build/gd32f30x_usart.o
 .debug_aranges
                0x000002b0       0xb0 build/gd32f30x_gpio.o
 .debug_aranges
                0x00000360      0x150 build/gd32f30x_rcu.o
 .debug_aranges
                0x000004b0       0x60 build/gd32f30x_it.o
 .debug_aranges
                0x00000510       0x38 build/main.o
 .debug_aranges
                0x00000548       0x60 build/BearPi-IoT_gd32f303.o
 .debug_aranges
                0x000005a8       0x38 build/system_gd32f30x.o
 .debug_aranges
                0x000005e0       0x28 build/GD32F303RGT6_GCC.o

.debug_ranges   0x00000000      0x570
 .debug_ranges  0x00000000       0x40 build/gd32f30x_misc.o
 .debug_ranges  0x00000040       0xa8 build/gd32f30x_pmu.o
 .debug_ranges  0x000000e8      0x198 build/gd32f30x_usart.o
 .debug_ranges  0x00000280       0xa0 build/gd32f30x_gpio.o
 .debug_ranges  0x00000320      0x140 build/gd32f30x_rcu.o
 .debug_ranges  0x00000460       0x50 build/gd32f30x_it.o
 .debug_ranges  0x000004b0       0x28 build/main.o
 .debug_ranges  0x000004d8       0x50 build/BearPi-IoT_gd32f303.o
 .debug_ranges  0x00000528       0x28 build/system_gd32f30x.o
 .debug_ranges  0x00000550       0x20 build/GD32F303RGT6_GCC.o

.debug_line     0x00000000     0x3753
 .debug_line    0x00000000      0x451 build/gd32f30x_misc.o
 .debug_line    0x00000451      0x63c build/gd32f30x_pmu.o
 .debug_line    0x00000a8d      0x87d build/gd32f30x_usart.o
 .debug_line    0x0000130a      0x66d build/gd32f30x_gpio.o
 .debug_line    0x00001977      0x851 build/gd32f30x_rcu.o
 .debug_line    0x000021c8      0x512 build/gd32f30x_it.o
 .debug_line    0x000026da      0x55f build/main.o
 .debug_line    0x00002c39      0x598 build/BearPi-IoT_gd32f303.o
 .debug_line    0x000031d1      0x511 build/system_gd32f30x.o
 .debug_line    0x000036e2       0x71 build/GD32F303RGT6_GCC.o

.debug_str      0x00000000     0x2e5a
 .debug_str     0x00000000      0x82e build/gd32f30x_misc.o
                                0x8ad (size before relaxing)
 .debug_str     0x0000082e      0x4e2 build/gd32f30x_pmu.o
                                0xb6c (size before relaxing)
 .debug_str     0x00000d10      0x99d build/gd32f30x_usart.o
                               0x11f9 (size before relaxing)
 .debug_str     0x000016ad      0x29e build/gd32f30x_gpio.o
                                0xb20 (size before relaxing)
 .debug_str     0x0000194b      0xadb build/gd32f30x_rcu.o
                               0x1375 (size before relaxing)
 .debug_str     0x00002426      0x12c build/gd32f30x_it.o
                                0x8cf (size before relaxing)
 .debug_str     0x00002552      0x4be build/main.o
                                0xd43 (size before relaxing)
 .debug_str     0x00002a10      0x33e build/BearPi-IoT_gd32f303.o
                               0x1042 (size before relaxing)
 .debug_str     0x00002d4e       0xeb build/system_gd32f30x.o
                                0x7bb (size before relaxing)
 .debug_str     0x00002e39       0x21 build/GD32F303RGT6_GCC.o
                                 0xb1 (size before relaxing)

.comment        0x00000000       0x7f
 .comment       0x00000000       0x7f build/gd32f30x_misc.o
                                 0x80 (size before relaxing)
 .comment       0x0000007f       0x80 build/gd32f30x_pmu.o
 .comment       0x0000007f       0x80 build/gd32f30x_usart.o
 .comment       0x0000007f       0x80 build/gd32f30x_gpio.o
 .comment       0x0000007f       0x80 build/gd32f30x_rcu.o
 .comment       0x0000007f       0x80 build/gd32f30x_it.o
 .comment       0x0000007f       0x80 build/main.o
 .comment       0x0000007f       0x80 build/BearPi-IoT_gd32f303.o
 .comment       0x0000007f       0x80 build/system_gd32f30x.o

.debug_frame    0x00000000     0x26b4
 .debug_frame   0x00000000      0x128 build/gd32f30x_misc.o
 .debug_frame   0x00000128      0x300 build/gd32f30x_pmu.o
 .debug_frame   0x00000428      0x7e0 build/gd32f30x_usart.o
 .debug_frame   0x00000c08      0x2f0 build/gd32f30x_gpio.o
 .debug_frame   0x00000ef8      0x60c build/gd32f30x_rcu.o
 .debug_frame   0x00001504      0x12c build/gd32f30x_it.o
 .debug_frame   0x00001630       0x8c build/main.o
 .debug_frame   0x000016bc      0x17c build/BearPi-IoT_gd32f303.o
 .debug_frame   0x00001838       0x98 build/system_gd32f30x.o
 .debug_frame   0x000018d0       0x2c c:/users/49542/opensourcetools/gnu tools arm embedded/7 2018-q2-update/bin/../lib/gcc/arm-none-eabi/7.3.1/../../../../arm-none-eabi/lib/thumb/v7e-m/fpv4-sp/hard\libc_nano.a(lib_a-init.o)
 .debug_frame   0x000018fc       0x20 c:/users/49542/opensourcetools/gnu tools arm embedded/7 2018-q2-update/bin/../lib/gcc/arm-none-eabi/7.3.1/../../../../arm-none-eabi/lib/thumb/v7e-m/fpv4-sp/hard\libc_nano.a(lib_a-memset.o)
 .debug_frame   0x0000191c       0x8c c:/users/49542/opensourcetools/gnu tools arm embedded/7 2018-q2-update/bin/../lib/gcc/arm-none-eabi/7.3.1/../../../../arm-none-eabi/lib/thumb/v7e-m/fpv4-sp/hard\libc_nano.a(lib_a-nano-vfprintf_float.o)
 .debug_frame   0x000019a8       0x60 c:/users/49542/opensourcetools/gnu tools arm embedded/7 2018-q2-update/bin/../lib/gcc/arm-none-eabi/7.3.1/../../../../arm-none-eabi/lib/thumb/v7e-m/fpv4-sp/hard\libc_nano.a(lib_a-nano-vfprintf_i.o)
 .debug_frame   0x00001a08       0x3c c:/users/49542/opensourcetools/gnu tools arm embedded/7 2018-q2-update/bin/../lib/gcc/arm-none-eabi/7.3.1/../../../../arm-none-eabi/lib/thumb/v7e-m/fpv4-sp/hard\libc_nano.a(lib_a-puts.o)
 .debug_frame   0x00001a44       0x40 c:/users/49542/opensourcetools/gnu tools arm embedded/7 2018-q2-update/bin/../lib/gcc/arm-none-eabi/7.3.1/../../../../arm-none-eabi/lib/thumb/v7e-m/fpv4-sp/hard\libc_nano.a(lib_a-wbuf.o)
 .debug_frame   0x00001a84       0x2c c:/users/49542/opensourcetools/gnu tools arm embedded/7 2018-q2-update/bin/../lib/gcc/arm-none-eabi/7.3.1/../../../../arm-none-eabi/lib/thumb/v7e-m/fpv4-sp/hard\libc_nano.a(lib_a-wsetup.o)
 .debug_frame   0x00001ab0       0x70 c:/users/49542/opensourcetools/gnu tools arm embedded/7 2018-q2-update/bin/../lib/gcc/arm-none-eabi/7.3.1/../../../../arm-none-eabi/lib/thumb/v7e-m/fpv4-sp/hard\libc_nano.a(lib_a-dtoa.o)
 .debug_frame   0x00001b20       0x68 c:/users/49542/opensourcetools/gnu tools arm embedded/7 2018-q2-update/bin/../lib/gcc/arm-none-eabi/7.3.1/../../../../arm-none-eabi/lib/thumb/v7e-m/fpv4-sp/hard\libc_nano.a(lib_a-fflush.o)
 .debug_frame   0x00001b88      0x11c c:/users/49542/opensourcetools/gnu tools arm embedded/7 2018-q2-update/bin/../lib/gcc/arm-none-eabi/7.3.1/../../../../arm-none-eabi/lib/thumb/v7e-m/fpv4-sp/hard\libc_nano.a(lib_a-findfp.o)
 .debug_frame   0x00001ca4       0x54 c:/users/49542/opensourcetools/gnu tools arm embedded/7 2018-q2-update/bin/../lib/gcc/arm-none-eabi/7.3.1/../../../../arm-none-eabi/lib/thumb/v7e-m/fpv4-sp/hard\libc_nano.a(lib_a-fwalk.o)
 .debug_frame   0x00001cf8       0x40 c:/users/49542/opensourcetools/gnu tools arm embedded/7 2018-q2-update/bin/../lib/gcc/arm-none-eabi/7.3.1/../../../../arm-none-eabi/lib/thumb/v7e-m/fpv4-sp/hard\libc_nano.a(lib_a-localeconv.o)
 .debug_frame   0x00001d38       0x58 c:/users/49542/opensourcetools/gnu tools arm embedded/7 2018-q2-update/bin/../lib/gcc/arm-none-eabi/7.3.1/../../../../arm-none-eabi/lib/thumb/v7e-m/fpv4-sp/hard\libc_nano.a(lib_a-makebuf.o)
 .debug_frame   0x00001d90       0x30 c:/users/49542/opensourcetools/gnu tools arm embedded/7 2018-q2-update/bin/../lib/gcc/arm-none-eabi/7.3.1/../../../../arm-none-eabi/lib/thumb/v7e-m/fpv4-sp/hard\libc_nano.a(lib_a-malloc.o)
 .debug_frame   0x00001dc0       0x28 c:/users/49542/opensourcetools/gnu tools arm embedded/7 2018-q2-update/bin/../lib/gcc/arm-none-eabi/7.3.1/../../../../arm-none-eabi/lib/thumb/v7e-m/fpv4-sp/hard\libc_nano.a(lib_a-memcpy-stub.o)
 .debug_frame   0x00001de8      0x244 c:/users/49542/opensourcetools/gnu tools arm embedded/7 2018-q2-update/bin/../lib/gcc/arm-none-eabi/7.3.1/../../../../arm-none-eabi/lib/thumb/v7e-m/fpv4-sp/hard\libc_nano.a(lib_a-mprec.o)
 .debug_frame   0x0000202c       0x2c c:/users/49542/opensourcetools/gnu tools arm embedded/7 2018-q2-update/bin/../lib/gcc/arm-none-eabi/7.3.1/../../../../arm-none-eabi/lib/thumb/v7e-m/fpv4-sp/hard\libc_nano.a(lib_a-nano-callocr.o)
 .debug_frame   0x00002058       0x38 c:/users/49542/opensourcetools/gnu tools arm embedded/7 2018-q2-update/bin/../lib/gcc/arm-none-eabi/7.3.1/../../../../arm-none-eabi/lib/thumb/v7e-m/fpv4-sp/hard\libc_nano.a(lib_a-nano-freer.o)
 .debug_frame   0x00002090       0x2c c:/users/49542/opensourcetools/gnu tools arm embedded/7 2018-q2-update/bin/../lib/gcc/arm-none-eabi/7.3.1/../../../../arm-none-eabi/lib/thumb/v7e-m/fpv4-sp/hard\libc_nano.a(lib_a-nano-mallocr.o)
 .debug_frame   0x000020bc       0x2c c:/users/49542/opensourcetools/gnu tools arm embedded/7 2018-q2-update/bin/../lib/gcc/arm-none-eabi/7.3.1/../../../../arm-none-eabi/lib/thumb/v7e-m/fpv4-sp/hard\libc_nano.a(lib_a-sbrkr.o)
 .debug_frame   0x000020e8       0x88 c:/users/49542/opensourcetools/gnu tools arm embedded/7 2018-q2-update/bin/../lib/gcc/arm-none-eabi/7.3.1/../../../../arm-none-eabi/lib/thumb/v7e-m/fpv4-sp/hard\libc_nano.a(lib_a-stdio.o)
 .debug_frame   0x00002170       0x2c c:/users/49542/opensourcetools/gnu tools arm embedded/7 2018-q2-update/bin/../lib/gcc/arm-none-eabi/7.3.1/../../../../arm-none-eabi/lib/thumb/v7e-m/fpv4-sp/hard\libc_nano.a(lib_a-writer.o)
 .debug_frame   0x0000219c       0x2c c:/users/49542/opensourcetools/gnu tools arm embedded/7 2018-q2-update/bin/../lib/gcc/arm-none-eabi/7.3.1/../../../../arm-none-eabi/lib/thumb/v7e-m/fpv4-sp/hard\libc_nano.a(lib_a-closer.o)
 .debug_frame   0x000021c8       0x2c c:/users/49542/opensourcetools/gnu tools arm embedded/7 2018-q2-update/bin/../lib/gcc/arm-none-eabi/7.3.1/../../../../arm-none-eabi/lib/thumb/v7e-m/fpv4-sp/hard\libc_nano.a(lib_a-fstatr.o)
 .debug_frame   0x000021f4       0x2c c:/users/49542/opensourcetools/gnu tools arm embedded/7 2018-q2-update/bin/../lib/gcc/arm-none-eabi/7.3.1/../../../../arm-none-eabi/lib/thumb/v7e-m/fpv4-sp/hard\libc_nano.a(lib_a-isattyr.o)
 .debug_frame   0x00002220       0x68 c:/users/49542/opensourcetools/gnu tools arm embedded/7 2018-q2-update/bin/../lib/gcc/arm-none-eabi/7.3.1/../../../../arm-none-eabi/lib/thumb/v7e-m/fpv4-sp/hard\libc_nano.a(lib_a-locale.o)
 .debug_frame   0x00002288       0x2c c:/users/49542/opensourcetools/gnu tools arm embedded/7 2018-q2-update/bin/../lib/gcc/arm-none-eabi/7.3.1/../../../../arm-none-eabi/lib/thumb/v7e-m/fpv4-sp/hard\libc_nano.a(lib_a-lseekr.o)
 .debug_frame   0x000022b4       0x48 c:/users/49542/opensourcetools/gnu tools arm embedded/7 2018-q2-update/bin/../lib/gcc/arm-none-eabi/7.3.1/../../../../arm-none-eabi/lib/thumb/v7e-m/fpv4-sp/hard\libc_nano.a(lib_a-mbtowc_r.o)
 .debug_frame   0x000022fc       0x30 c:/users/49542/opensourcetools/gnu tools arm embedded/7 2018-q2-update/bin/../lib/gcc/arm-none-eabi/7.3.1/../../../../arm-none-eabi/lib/thumb/v7e-m/fpv4-sp/hard\libc_nano.a(lib_a-mlock.o)
 .debug_frame   0x0000232c       0x2c c:/users/49542/opensourcetools/gnu tools arm embedded/7 2018-q2-update/bin/../lib/gcc/arm-none-eabi/7.3.1/../../../../arm-none-eabi/lib/thumb/v7e-m/fpv4-sp/hard\libc_nano.a(lib_a-readr.o)
 .debug_frame   0x00002358       0x5c c:/users/49542/opensourcetools/gnu tools arm embedded/7 2018-q2-update/bin/../lib/gcc/arm-none-eabi/7.3.1/../../../../arm-none-eabi/lib/thumb/v7e-m/fpv4-sp/hard\libc_nano.a(lib_a-reent.o)
 .debug_frame   0x000023b4       0x3c c:/users/49542/opensourcetools/gnu tools arm embedded/7 2018-q2-update/bin/../lib/gcc/arm-none-eabi/7.3.1/../../../../arm-none-eabi/lib/thumb/v7e-m/fpv4-sp/hard\libc_nano.a(lib_a-wctomb_r.o)
 .debug_frame   0x000023f0       0x20 c:/users/49542/opensourcetools/gnu tools arm embedded/7 2018-q2-update/bin/../lib/gcc/arm-none-eabi/7.3.1/../../../../arm-none-eabi/lib/thumb/v7e-m/fpv4-sp/hard\libnosys.a(close.o)
 .debug_frame   0x00002410       0x20 c:/users/49542/opensourcetools/gnu tools arm embedded/7 2018-q2-update/bin/../lib/gcc/arm-none-eabi/7.3.1/../../../../arm-none-eabi/lib/thumb/v7e-m/fpv4-sp/hard\libnosys.a(fstat.o)
 .debug_frame   0x00002430       0x20 c:/users/49542/opensourcetools/gnu tools arm embedded/7 2018-q2-update/bin/../lib/gcc/arm-none-eabi/7.3.1/../../../../arm-none-eabi/lib/thumb/v7e-m/fpv4-sp/hard\libnosys.a(isatty.o)
 .debug_frame   0x00002450       0x20 c:/users/49542/opensourcetools/gnu tools arm embedded/7 2018-q2-update/bin/../lib/gcc/arm-none-eabi/7.3.1/../../../../arm-none-eabi/lib/thumb/v7e-m/fpv4-sp/hard\libnosys.a(lseek.o)
 .debug_frame   0x00002470       0x20 c:/users/49542/opensourcetools/gnu tools arm embedded/7 2018-q2-update/bin/../lib/gcc/arm-none-eabi/7.3.1/../../../../arm-none-eabi/lib/thumb/v7e-m/fpv4-sp/hard\libnosys.a(read.o)
 .debug_frame   0x00002490       0x20 c:/users/49542/opensourcetools/gnu tools arm embedded/7 2018-q2-update/bin/../lib/gcc/arm-none-eabi/7.3.1/../../../../arm-none-eabi/lib/thumb/v7e-m/fpv4-sp/hard\libnosys.a(sbrk.o)
 .debug_frame   0x000024b0       0xac c:/users/49542/opensourcetools/gnu tools arm embedded/7 2018-q2-update/bin/../lib/gcc/arm-none-eabi/7.3.1/thumb/v7e-m/fpv4-sp/hard\libgcc.a(_arm_addsubdf3.o)
 .debug_frame   0x0000255c       0x50 c:/users/49542/opensourcetools/gnu tools arm embedded/7 2018-q2-update/bin/../lib/gcc/arm-none-eabi/7.3.1/thumb/v7e-m/fpv4-sp/hard\libgcc.a(_arm_muldivdf3.o)
 .debug_frame   0x000025ac       0xc4 c:/users/49542/opensourcetools/gnu tools arm embedded/7 2018-q2-update/bin/../lib/gcc/arm-none-eabi/7.3.1/thumb/v7e-m/fpv4-sp/hard\libgcc.a(_arm_cmpdf2.o)
 .debug_frame   0x00002670       0x20 c:/users/49542/opensourcetools/gnu tools arm embedded/7 2018-q2-update/bin/../lib/gcc/arm-none-eabi/7.3.1/thumb/v7e-m/fpv4-sp/hard\libgcc.a(_arm_unorddf2.o)
 .debug_frame   0x00002690       0x24 c:/users/49542/opensourcetools/gnu tools arm embedded/7 2018-q2-update/bin/../lib/gcc/arm-none-eabi/7.3.1/thumb/v7e-m/fpv4-sp/hard\libgcc.a(_arm_fixdfsi.o)

.stab           0x00000000       0x84
 .stab          0x00000000       0x24 c:/users/49542/opensourcetools/gnu tools arm embedded/7 2018-q2-update/bin/../lib/gcc/arm-none-eabi/7.3.1/../../../../arm-none-eabi/lib/thumb/v7e-m/fpv4-sp/hard\libnosys.a(close.o)
 .stab          0x00000024       0x18 c:/users/49542/opensourcetools/gnu tools arm embedded/7 2018-q2-update/bin/../lib/gcc/arm-none-eabi/7.3.1/../../../../arm-none-eabi/lib/thumb/v7e-m/fpv4-sp/hard\libnosys.a(fstat.o)
                                 0x24 (size before relaxing)
 .stab          0x0000003c       0x18 c:/users/49542/opensourcetools/gnu tools arm embedded/7 2018-q2-update/bin/../lib/gcc/arm-none-eabi/7.3.1/../../../../arm-none-eabi/lib/thumb/v7e-m/fpv4-sp/hard\libnosys.a(isatty.o)
                                 0x24 (size before relaxing)
 .stab          0x00000054       0x18 c:/users/49542/opensourcetools/gnu tools arm embedded/7 2018-q2-update/bin/../lib/gcc/arm-none-eabi/7.3.1/../../../../arm-none-eabi/lib/thumb/v7e-m/fpv4-sp/hard\libnosys.a(lseek.o)
                                 0x24 (size before relaxing)
 .stab          0x0000006c       0x18 c:/users/49542/opensourcetools/gnu tools arm embedded/7 2018-q2-update/bin/../lib/gcc/arm-none-eabi/7.3.1/../../../../arm-none-eabi/lib/thumb/v7e-m/fpv4-sp/hard\libnosys.a(read.o)
                                 0x24 (size before relaxing)

.stabstr        0x00000000      0x117
 .stabstr       0x00000000      0x117 c:/users/49542/opensourcetools/gnu tools arm embedded/7 2018-q2-update/bin/../lib/gcc/arm-none-eabi/7.3.1/../../../../arm-none-eabi/lib/thumb/v7e-m/fpv4-sp/hard\libnosys.a(close.o)

Cross Reference Table

Symbol                                            File
ADC0_1_IRQHandler                                 build/GD32F303RGT6_GCC.o
ADC2_IRQHandler                                   build/GD32F303RGT6_GCC.o
BusFault_Handler                                  build/gd32f30x_it.o
CAN0_EWMC_IRQHandler                              build/GD32F303RGT6_GCC.o
CAN0_RX1_IRQHandler                               build/GD32F303RGT6_GCC.o
DMA0_Channel0_IRQHandler                          build/GD32F303RGT6_GCC.o
DMA0_Channel1_IRQHandler                          build/GD32F303RGT6_GCC.o
DMA0_Channel2_IRQHandler                          build/GD32F303RGT6_GCC.o
DMA0_Channel3_IRQHandler                          build/GD32F303RGT6_GCC.o
DMA0_Channel4_IRQHandler                          build/GD32F303RGT6_GCC.o
DMA0_Channel5_IRQHandler                          build/GD32F303RGT6_GCC.o
DMA0_Channel6_IRQHandler                          build/GD32F303RGT6_GCC.o
DMA1_Channel0_IRQHandler                          build/GD32F303RGT6_GCC.o
DMA1_Channel1_IRQHandler                          build/GD32F303RGT6_GCC.o
DMA1_Channel2_IRQHandler                          build/GD32F303RGT6_GCC.o
DMA1_Channel3_4_IRQHandler                        build/GD32F303RGT6_GCC.o
DebugMon_Handler                                  build/gd32f30x_it.o
Default_Handler                                   build/GD32F303RGT6_GCC.o
EXMC_IRQHandler                                   build/GD32F303RGT6_GCC.o
EXTI0_IRQHandler                                  build/GD32F303RGT6_GCC.o
EXTI10_15_IRQHandler                              build/GD32F303RGT6_GCC.o
EXTI1_IRQHandler                                  build/GD32F303RGT6_GCC.o
EXTI2_IRQHandler                                  build/GD32F303RGT6_GCC.o
EXTI3_IRQHandler                                  build/GD32F303RGT6_GCC.o
EXTI4_IRQHandler                                  build/GD32F303RGT6_GCC.o
EXTI5_9_IRQHandler                                build/GD32F303RGT6_GCC.o
FMC_IRQHandler                                    build/GD32F303RGT6_GCC.o
HardFault_Handler                                 build/gd32f30x_it.o
I2C0_ER_IRQHandler                                build/GD32F303RGT6_GCC.o
I2C0_EV_IRQHandler                                build/GD32F303RGT6_GCC.o
I2C1_ER_IRQHandler                                build/GD32F303RGT6_GCC.o
I2C1_EV_IRQHandler                                build/GD32F303RGT6_GCC.o
LVD_IRQHandler                                    build/GD32F303RGT6_GCC.o
MemManage_Handler                                 build/gd32f30x_it.o
NMI_Handler                                       build/gd32f30x_it.o
PendSV_Handler                                    build/gd32f30x_it.o
RCU_CTC_IRQHandler                                build/GD32F303RGT6_GCC.o
RTC_Alarm_IRQHandler                              build/GD32F303RGT6_GCC.o
RTC_IRQHandler                                    build/GD32F303RGT6_GCC.o
Reset_Handler                                     build/GD32F303RGT6_GCC.o
SDIO_IRQHandler                                   build/GD32F303RGT6_GCC.o
SPI0_IRQHandler                                   build/GD32F303RGT6_GCC.o
SPI1_IRQHandler                                   build/GD32F303RGT6_GCC.o
SPI2_IRQHandler                                   build/GD32F303RGT6_GCC.o
SVC_Handler                                       build/gd32f30x_it.o
SysTick_Handler                                   build/GD32F303RGT6_GCC.o
SystemCoreClock                                   build/system_gd32f30x.o
SystemCoreClockUpdate                             build/system_gd32f30x.o
SystemInit                                        build/system_gd32f30x.o
                                                  build/GD32F303RGT6_GCC.o
TAMPER_IRQHandler                                 build/GD32F303RGT6_GCC.o
TIMER0_BRK_TIMER8_IRQHandler                      build/GD32F303RGT6_GCC.o
TIMER0_Channel_IRQHandler                         build/GD32F303RGT6_GCC.o
TIMER0_TRG_CMT_TIMER10_IRQHandler                 build/GD32F303RGT6_GCC.o
TIMER0_UP_TIMER9_IRQHandler                       build/GD32F303RGT6_GCC.o
TIMER1_IRQHandler                                 build/GD32F303RGT6_GCC.o
TIMER2_IRQHandler                                 build/GD32F303RGT6_GCC.o
TIMER3_IRQHandler                                 build/GD32F303RGT6_GCC.o
TIMER4_IRQHandler                                 build/GD32F303RGT6_GCC.o
TIMER5_IRQHandler                                 build/GD32F303RGT6_GCC.o
TIMER6_IRQHandler                                 build/GD32F303RGT6_GCC.o
TIMER7_BRK_TIMER11_IRQHandler                     build/GD32F303RGT6_GCC.o
TIMER7_Channel_IRQHandler                         build/GD32F303RGT6_GCC.o
TIMER7_TRG_CMT_TIMER13_IRQHandler                 build/GD32F303RGT6_GCC.o
TIMER7_UP_TIMER12_IRQHandler                      build/GD32F303RGT6_GCC.o
UART4_IRQHandler                                  build/GD32F303RGT6_GCC.o
USART0_IRQHandler                                 build/gd32f30x_it.o
USART1_IRQHandler                                 build/GD32F303RGT6_GCC.o
USART2_IRQHandler                                 build/GD32F303RGT6_GCC.o
USBD_HP_CAN0_TX_IRQHandler                        build/GD32F303RGT6_GCC.o
USBD_LP_CAN0_RX0_IRQHandler                       build/GD32F303RGT6_GCC.o
USBD_WKUP_IRQHandler                              build/GD32F303RGT6_GCC.o
UsageFault_Handler                                build/gd32f30x_it.o
WWDGT_IRQHandler                                  build/GD32F303RGT6_GCC.o
_Balloc                                           c:/users/49542/opensourcetools/gnu tools arm embedded/7 2018-q2-update/bin/../lib/gcc/arm-none-eabi/7.3.1/../../../../arm-none-eabi/lib/thumb/v7e-m/fpv4-sp/hard\libc_nano.a(lib_a-mprec.o)
                                                  c:/users/49542/opensourcetools/gnu tools arm embedded/7 2018-q2-update/bin/../lib/gcc/arm-none-eabi/7.3.1/../../../../arm-none-eabi/lib/thumb/v7e-m/fpv4-sp/hard\libc_nano.a(lib_a-dtoa.o)
_Bfree                                            c:/users/49542/opensourcetools/gnu tools arm embedded/7 2018-q2-update/bin/../lib/gcc/arm-none-eabi/7.3.1/../../../../arm-none-eabi/lib/thumb/v7e-m/fpv4-sp/hard\libc_nano.a(lib_a-mprec.o)
                                                  c:/users/49542/opensourcetools/gnu tools arm embedded/7 2018-q2-update/bin/../lib/gcc/arm-none-eabi/7.3.1/../../../../arm-none-eabi/lib/thumb/v7e-m/fpv4-sp/hard\libc_nano.a(lib_a-dtoa.o)
_PathLocale                                       c:/users/49542/opensourcetools/gnu tools arm embedded/7 2018-q2-update/bin/../lib/gcc/arm-none-eabi/7.3.1/../../../../arm-none-eabi/lib/thumb/v7e-m/fpv4-sp/hard\libc_nano.a(lib_a-locale.o)
__adddf3                                          c:/users/49542/opensourcetools/gnu tools arm embedded/7 2018-q2-update/bin/../lib/gcc/arm-none-eabi/7.3.1/thumb/v7e-m/fpv4-sp/hard\libgcc.a(_arm_addsubdf3.o)
__aeabi_cdcmpeq                                   c:/users/49542/opensourcetools/gnu tools arm embedded/7 2018-q2-update/bin/../lib/gcc/arm-none-eabi/7.3.1/thumb/v7e-m/fpv4-sp/hard\libgcc.a(_arm_cmpdf2.o)
__aeabi_cdcmple                                   c:/users/49542/opensourcetools/gnu tools arm embedded/7 2018-q2-update/bin/../lib/gcc/arm-none-eabi/7.3.1/thumb/v7e-m/fpv4-sp/hard\libgcc.a(_arm_cmpdf2.o)
__aeabi_cdrcmple                                  c:/users/49542/opensourcetools/gnu tools arm embedded/7 2018-q2-update/bin/../lib/gcc/arm-none-eabi/7.3.1/thumb/v7e-m/fpv4-sp/hard\libgcc.a(_arm_cmpdf2.o)
__aeabi_d2iz                                      c:/users/49542/opensourcetools/gnu tools arm embedded/7 2018-q2-update/bin/../lib/gcc/arm-none-eabi/7.3.1/thumb/v7e-m/fpv4-sp/hard\libgcc.a(_arm_fixdfsi.o)
                                                  c:/users/49542/opensourcetools/gnu tools arm embedded/7 2018-q2-update/bin/../lib/gcc/arm-none-eabi/7.3.1/../../../../arm-none-eabi/lib/thumb/v7e-m/fpv4-sp/hard\libc_nano.a(lib_a-dtoa.o)
__aeabi_dadd                                      c:/users/49542/opensourcetools/gnu tools arm embedded/7 2018-q2-update/bin/../lib/gcc/arm-none-eabi/7.3.1/thumb/v7e-m/fpv4-sp/hard\libgcc.a(_arm_addsubdf3.o)
                                                  c:/users/49542/opensourcetools/gnu tools arm embedded/7 2018-q2-update/bin/../lib/gcc/arm-none-eabi/7.3.1/../../../../arm-none-eabi/lib/thumb/v7e-m/fpv4-sp/hard\libc_nano.a(lib_a-dtoa.o)
__aeabi_dcmpeq                                    c:/users/49542/opensourcetools/gnu tools arm embedded/7 2018-q2-update/bin/../lib/gcc/arm-none-eabi/7.3.1/thumb/v7e-m/fpv4-sp/hard\libgcc.a(_arm_cmpdf2.o)
                                                  c:/users/49542/opensourcetools/gnu tools arm embedded/7 2018-q2-update/bin/../lib/gcc/arm-none-eabi/7.3.1/../../../../arm-none-eabi/lib/thumb/v7e-m/fpv4-sp/hard\libc_nano.a(lib_a-dtoa.o)
                                                  c:/users/49542/opensourcetools/gnu tools arm embedded/7 2018-q2-update/bin/../lib/gcc/arm-none-eabi/7.3.1/../../../../arm-none-eabi/lib/thumb/v7e-m/fpv4-sp/hard\libc_nano.a(lib_a-nano-vfprintf_float.o)
__aeabi_dcmpge                                    c:/users/49542/opensourcetools/gnu tools arm embedded/7 2018-q2-update/bin/../lib/gcc/arm-none-eabi/7.3.1/thumb/v7e-m/fpv4-sp/hard\libgcc.a(_arm_cmpdf2.o)
                                                  c:/users/49542/opensourcetools/gnu tools arm embedded/7 2018-q2-update/bin/../lib/gcc/arm-none-eabi/7.3.1/../../../../arm-none-eabi/lib/thumb/v7e-m/fpv4-sp/hard\libc_nano.a(lib_a-dtoa.o)
__aeabi_dcmpgt                                    c:/users/49542/opensourcetools/gnu tools arm embedded/7 2018-q2-update/bin/../lib/gcc/arm-none-eabi/7.3.1/thumb/v7e-m/fpv4-sp/hard\libgcc.a(_arm_cmpdf2.o)
                                                  c:/users/49542/opensourcetools/gnu tools arm embedded/7 2018-q2-update/bin/../lib/gcc/arm-none-eabi/7.3.1/../../../../arm-none-eabi/lib/thumb/v7e-m/fpv4-sp/hard\libc_nano.a(lib_a-dtoa.o)
__aeabi_dcmple                                    c:/users/49542/opensourcetools/gnu tools arm embedded/7 2018-q2-update/bin/../lib/gcc/arm-none-eabi/7.3.1/thumb/v7e-m/fpv4-sp/hard\libgcc.a(_arm_cmpdf2.o)
                                                  c:/users/49542/opensourcetools/gnu tools arm embedded/7 2018-q2-update/bin/../lib/gcc/arm-none-eabi/7.3.1/../../../../arm-none-eabi/lib/thumb/v7e-m/fpv4-sp/hard\libc_nano.a(lib_a-nano-vfprintf_float.o)
__aeabi_dcmplt                                    c:/users/49542/opensourcetools/gnu tools arm embedded/7 2018-q2-update/bin/../lib/gcc/arm-none-eabi/7.3.1/thumb/v7e-m/fpv4-sp/hard\libgcc.a(_arm_cmpdf2.o)
                                                  c:/users/49542/opensourcetools/gnu tools arm embedded/7 2018-q2-update/bin/../lib/gcc/arm-none-eabi/7.3.1/../../../../arm-none-eabi/lib/thumb/v7e-m/fpv4-sp/hard\libc_nano.a(lib_a-dtoa.o)
                                                  c:/users/49542/opensourcetools/gnu tools arm embedded/7 2018-q2-update/bin/../lib/gcc/arm-none-eabi/7.3.1/../../../../arm-none-eabi/lib/thumb/v7e-m/fpv4-sp/hard\libc_nano.a(lib_a-nano-vfprintf_float.o)
__aeabi_dcmpun                                    c:/users/49542/opensourcetools/gnu tools arm embedded/7 2018-q2-update/bin/../lib/gcc/arm-none-eabi/7.3.1/thumb/v7e-m/fpv4-sp/hard\libgcc.a(_arm_unorddf2.o)
                                                  c:/users/49542/opensourcetools/gnu tools arm embedded/7 2018-q2-update/bin/../lib/gcc/arm-none-eabi/7.3.1/../../../../arm-none-eabi/lib/thumb/v7e-m/fpv4-sp/hard\libc_nano.a(lib_a-nano-vfprintf_float.o)
__aeabi_ddiv                                      c:/users/49542/opensourcetools/gnu tools arm embedded/7 2018-q2-update/bin/../lib/gcc/arm-none-eabi/7.3.1/thumb/v7e-m/fpv4-sp/hard\libgcc.a(_arm_muldivdf3.o)
                                                  c:/users/49542/opensourcetools/gnu tools arm embedded/7 2018-q2-update/bin/../lib/gcc/arm-none-eabi/7.3.1/../../../../arm-none-eabi/lib/thumb/v7e-m/fpv4-sp/hard\libc_nano.a(lib_a-mprec.o)
                                                  c:/users/49542/opensourcetools/gnu tools arm embedded/7 2018-q2-update/bin/../lib/gcc/arm-none-eabi/7.3.1/../../../../arm-none-eabi/lib/thumb/v7e-m/fpv4-sp/hard\libc_nano.a(lib_a-dtoa.o)
__aeabi_dmul                                      c:/users/49542/opensourcetools/gnu tools arm embedded/7 2018-q2-update/bin/../lib/gcc/arm-none-eabi/7.3.1/thumb/v7e-m/fpv4-sp/hard\libgcc.a(_arm_muldivdf3.o)
                                                  c:/users/49542/opensourcetools/gnu tools arm embedded/7 2018-q2-update/bin/../lib/gcc/arm-none-eabi/7.3.1/../../../../arm-none-eabi/lib/thumb/v7e-m/fpv4-sp/hard\libc_nano.a(lib_a-mprec.o)
                                                  c:/users/49542/opensourcetools/gnu tools arm embedded/7 2018-q2-update/bin/../lib/gcc/arm-none-eabi/7.3.1/../../../../arm-none-eabi/lib/thumb/v7e-m/fpv4-sp/hard\libc_nano.a(lib_a-dtoa.o)
__aeabi_drsub                                     c:/users/49542/opensourcetools/gnu tools arm embedded/7 2018-q2-update/bin/../lib/gcc/arm-none-eabi/7.3.1/thumb/v7e-m/fpv4-sp/hard\libgcc.a(_arm_addsubdf3.o)
__aeabi_dsub                                      c:/users/49542/opensourcetools/gnu tools arm embedded/7 2018-q2-update/bin/../lib/gcc/arm-none-eabi/7.3.1/thumb/v7e-m/fpv4-sp/hard\libgcc.a(_arm_addsubdf3.o)
                                                  c:/users/49542/opensourcetools/gnu tools arm embedded/7 2018-q2-update/bin/../lib/gcc/arm-none-eabi/7.3.1/../../../../arm-none-eabi/lib/thumb/v7e-m/fpv4-sp/hard\libc_nano.a(lib_a-dtoa.o)
__aeabi_f2d                                       c:/users/49542/opensourcetools/gnu tools arm embedded/7 2018-q2-update/bin/../lib/gcc/arm-none-eabi/7.3.1/thumb/v7e-m/fpv4-sp/hard\libgcc.a(_arm_addsubdf3.o)
__aeabi_i2d                                       c:/users/49542/opensourcetools/gnu tools arm embedded/7 2018-q2-update/bin/../lib/gcc/arm-none-eabi/7.3.1/thumb/v7e-m/fpv4-sp/hard\libgcc.a(_arm_addsubdf3.o)
                                                  c:/users/49542/opensourcetools/gnu tools arm embedded/7 2018-q2-update/bin/../lib/gcc/arm-none-eabi/7.3.1/../../../../arm-none-eabi/lib/thumb/v7e-m/fpv4-sp/hard\libc_nano.a(lib_a-dtoa.o)
__aeabi_l2d                                       c:/users/49542/opensourcetools/gnu tools arm embedded/7 2018-q2-update/bin/../lib/gcc/arm-none-eabi/7.3.1/thumb/v7e-m/fpv4-sp/hard\libgcc.a(_arm_addsubdf3.o)
__aeabi_ui2d                                      c:/users/49542/opensourcetools/gnu tools arm embedded/7 2018-q2-update/bin/../lib/gcc/arm-none-eabi/7.3.1/thumb/v7e-m/fpv4-sp/hard\libgcc.a(_arm_addsubdf3.o)
                                                  c:/users/49542/opensourcetools/gnu tools arm embedded/7 2018-q2-update/bin/../lib/gcc/arm-none-eabi/7.3.1/../../../../arm-none-eabi/lib/thumb/v7e-m/fpv4-sp/hard\libc_nano.a(lib_a-dtoa.o)
__aeabi_ul2d                                      c:/users/49542/opensourcetools/gnu tools arm embedded/7 2018-q2-update/bin/../lib/gcc/arm-none-eabi/7.3.1/thumb/v7e-m/fpv4-sp/hard\libgcc.a(_arm_addsubdf3.o)
__any_on                                          c:/users/49542/opensourcetools/gnu tools arm embedded/7 2018-q2-update/bin/../lib/gcc/arm-none-eabi/7.3.1/../../../../arm-none-eabi/lib/thumb/v7e-m/fpv4-sp/hard\libc_nano.a(lib_a-mprec.o)
__ascii_mbtowc                                    c:/users/49542/opensourcetools/gnu tools arm embedded/7 2018-q2-update/bin/../lib/gcc/arm-none-eabi/7.3.1/../../../../arm-none-eabi/lib/thumb/v7e-m/fpv4-sp/hard\libc_nano.a(lib_a-mbtowc_r.o)
                                                  c:/users/49542/opensourcetools/gnu tools arm embedded/7 2018-q2-update/bin/../lib/gcc/arm-none-eabi/7.3.1/../../../../arm-none-eabi/lib/thumb/v7e-m/fpv4-sp/hard\libc_nano.a(lib_a-locale.o)
__ascii_wctomb                                    c:/users/49542/opensourcetools/gnu tools arm embedded/7 2018-q2-update/bin/../lib/gcc/arm-none-eabi/7.3.1/../../../../arm-none-eabi/lib/thumb/v7e-m/fpv4-sp/hard\libc_nano.a(lib_a-wctomb_r.o)
                                                  c:/users/49542/opensourcetools/gnu tools arm embedded/7 2018-q2-update/bin/../lib/gcc/arm-none-eabi/7.3.1/../../../../arm-none-eabi/lib/thumb/v7e-m/fpv4-sp/hard\libc_nano.a(lib_a-locale.o)
__b2d                                             c:/users/49542/opensourcetools/gnu tools arm embedded/7 2018-q2-update/bin/../lib/gcc/arm-none-eabi/7.3.1/../../../../arm-none-eabi/lib/thumb/v7e-m/fpv4-sp/hard\libc_nano.a(lib_a-mprec.o)
__bss_end__                                       c:/users/49542/opensourcetools/gnu tools arm embedded/7 2018-q2-update/bin/../lib/gcc/arm-none-eabi/7.3.1/../../../../arm-none-eabi/lib/thumb/v7e-m/fpv4-sp/hard/crt0.o
__bss_start__                                     c:/users/49542/opensourcetools/gnu tools arm embedded/7 2018-q2-update/bin/../lib/gcc/arm-none-eabi/7.3.1/../../../../arm-none-eabi/lib/thumb/v7e-m/fpv4-sp/hard/crt0.o